Archive member included because of file (symbol)

.\CortexM3\ARM_GCC_493\Release\CY8CKIT59_Ardudino-Speeduino.a(cyfitter_cfg.o)
                              .\CortexM3\ARM_GCC_493\Release\Cm3Start.o (symbol from plugin) (cyfitter_cfg)
.\CortexM3\ARM_GCC_493\Release\CY8CKIT59_Ardudino-Speeduino.a(ADC.o)
                              .\CortexM3\ARM_GCC_493\Release\Arduino_Analog_In.o (symbol from plugin) (ADC_Start)
.\CortexM3\ARM_GCC_493\Release\CY8CKIT59_Ardudino-Speeduino.a(ADC_INT.o)
                              ADC.o (symbol from plugin) (ADC_ISR)
.\CortexM3\ARM_GCC_493\Release\CY8CKIT59_Ardudino-Speeduino.a(ADC_Mux.o)
                              .\CortexM3\ARM_GCC_493\Release\Arduino_Analog_In.o (symbol from plugin) (ADC_Mux_Start)
.\CortexM3\ARM_GCC_493\Release\CY8CKIT59_Ardudino-Speeduino.a(I2C.o)
                              .\CortexM3\ARM_GCC_493\Release\Arduino_I2C.o (symbol from plugin) (I2C_Start)
.\CortexM3\ARM_GCC_493\Release\CY8CKIT59_Ardudino-Speeduino.a(I2C_INT.o)
                              I2C.o (symbol from plugin) (I2C_ISR)
.\CortexM3\ARM_GCC_493\Release\CY8CKIT59_Ardudino-Speeduino.a(I2C_PM.o)
                              I2C.o (symbol from plugin) (I2C_backup)
.\CortexM3\ARM_GCC_493\Release\CY8CKIT59_Ardudino-Speeduino.a(I2C_MASTER.o)
                              .\CortexM3\ARM_GCC_493\Release\Arduino_I2C.o (symbol from plugin) (I2C_MasterWriteBuf)
.\CortexM3\ARM_GCC_493\Release\CY8CKIT59_Ardudino-Speeduino.a(Micros_Counter.o)
                              .\CortexM3\ARM_GCC_493\Release\Arduino_Time.o (symbol from plugin) (Micros_Counter_Start)
.\CortexM3\ARM_GCC_493\Release\CY8CKIT59_Ardudino-Speeduino.a(Millis_Counter.o)
                              .\CortexM3\ARM_GCC_493\Release\Arduino_Time.o (symbol from plugin) (Millis_Counter_Start)
.\CortexM3\ARM_GCC_493\Release\CY8CKIT59_Ardudino-Speeduino.a(USBUART.o)
                              .\CortexM3\ARM_GCC_493\Release\USBUARTClass.o (symbol from plugin) (USBUART_Start)
.\CortexM3\ARM_GCC_493\Release\CY8CKIT59_Ardudino-Speeduino.a(USBUART_cdc.o)
                              .\CortexM3\ARM_GCC_493\Release\USBUARTClass.o (symbol from plugin) (USBUART_CDC_Init)
.\CortexM3\ARM_GCC_493\Release\CY8CKIT59_Ardudino-Speeduino.a(USBUART_drv.o)
                              USBUART.o (symbol from plugin) (USBUART_EP_0_ISR)
.\CortexM3\ARM_GCC_493\Release\CY8CKIT59_Ardudino-Speeduino.a(USBUART_episr.o)
                              USBUART.o (symbol from plugin) (USBUART_EP_1_ISR)
.\CortexM3\ARM_GCC_493\Release\CY8CKIT59_Ardudino-Speeduino.a(USBUART_pm.o)
                              USBUART.o (symbol from plugin) (USBUART_DP_ISR)
.\CortexM3\ARM_GCC_493\Release\CY8CKIT59_Ardudino-Speeduino.a(USBUART_std.o)
                              USBUART_pm.o (symbol from plugin) (USBUART_ConfigReg)
.\CortexM3\ARM_GCC_493\Release\CY8CKIT59_Ardudino-Speeduino.a(USBUART_vnd.o)
                              USBUART_drv.o (symbol from plugin) (USBUART_HandleVendorRqst)
.\CortexM3\ARM_GCC_493\Release\CY8CKIT59_Ardudino-Speeduino.a(HW_INT.o)
                              .\CortexM3\ARM_GCC_493\Release\Arduino_HW_Interrupt.o (symbol from plugin) (HW_INT_StartEx)
.\CortexM3\ARM_GCC_493\Release\CY8CKIT59_Ardudino-Speeduino.a(BootloaderResetTimer.o)
                              .\CortexM3\ARM_GCC_493\Release\Arduino_Time.o (symbol from plugin) (BootloaderResetTimer_Start)
.\CortexM3\ARM_GCC_493\Release\CY8CKIT59_Ardudino-Speeduino.a(BootloaderResetInterrupt.o)
                              .\CortexM3\ARM_GCC_493\Release\Arduino_Time.o (symbol from plugin) (BootloaderResetInterrupt_StartEx)
.\CortexM3\ARM_GCC_493\Release\CY8CKIT59_Ardudino-Speeduino.a(ADC_theACLK.o)
                              ADC.o (symbol from plugin) (ADC_theACLK_SetModeRegister)
.\CortexM3\ARM_GCC_493\Release\CY8CKIT59_Ardudino-Speeduino.a(USBUART_Dp.o)
                              USBUART_pm.o (symbol from plugin) (USBUART_Dp_ClearInterrupt)
.\CortexM3\ARM_GCC_493\Release\CY8CKIT59_Ardudino-Speeduino.a(CyLib.o)
                              .\CortexM3\ARM_GCC_493\Release\Cm3Start.o (symbol from plugin) (CyHalt)
.\CortexM3\ARM_GCC_493\Release\CY8CKIT59_Ardudino-Speeduino.a(cyPm.o)
                              CyLib.o (symbol from plugin) (CyPmReadStatus)
.\CortexM3\ARM_GCC_493\Release\CY8CKIT59_Ardudino-Speeduino.a(EEPROM_1.o)
                              .\CortexM3\ARM_GCC_493\Release\Arduino_eeprom.o (symbol from plugin) (EEPROM_1_Enable)
.\CortexM3\ARM_GCC_493\Release\CY8CKIT59_Ardudino-Speeduino.a(Em_EEPROM_1.o)
                              .\CortexM3\ARM_GCC_493\Release\em_eeprom.o (symbol from plugin) (Em_EEPROM_1_Write)
.\CortexM3\ARM_GCC_493\Release\CY8CKIT59_Ardudino-Speeduino.a(P2.o)
                              .\CortexM3\ARM_GCC_493\Release\Arduino_HW_Interrupt.o (symbol from plugin) (P2_SetInterruptMode)
.\CortexM3\ARM_GCC_493\Release\CY8CKIT59_Ardudino-Speeduino.a(Counter_1ms.o)
[...]
Memory Configuration

Name             Origin             Length             Attributes
rom              0x00000000         0x00040000         xr
ram              0x1fff8000         0x00010000         xrw
*default*        0x00000000         0xffffffff

Linker script and memory map

LOAD c:/program files (x86)/cypress/psoc creator/4.0/psoc creator/import/gnu/arm/4.9.3/bin/../lib/gcc/arm-none-eabi/4.9.3/armv7-m/crti.o
LOAD c:/program files (x86)/cypress/psoc creator/4.0/psoc creator/import/gnu/arm/4.9.3/bin/../lib/gcc/arm-none-eabi/4.9.3/armv7-m/crtbegin.o
LOAD c:/program files (x86)/cypress/psoc creator/4.0/psoc creator/import/gnu/arm/4.9.3/bin/../lib/gcc/arm-none-eabi/4.9.3/../../../../arm-none-eabi/lib/armv7-m/crt0.o
START GROUP
LOAD .\CortexM3\ARM_GCC_493\Release\Arduino_Advanced_IO.o
LOAD C:\Users\Bruger\AppData\Local\Temp\ccjwvHOi.ltrans0.ltrans.o
LOAD C:\Users\Bruger\AppData\Local\Temp\ccjwvHOi.ltrans1.ltrans.o
LOAD C:\Users\Bruger\AppData\Local\Temp\ccjwvHOi.ltrans2.ltrans.o
LOAD c:/program files (x86)/cypress/psoc creator/4.0/psoc creator/import/gnu/arm/4.9.3/bin/../lib/gcc/arm-none-eabi/4.9.3/armv7-m\libgcc.a
LOAD c:/program files (x86)/cypress/psoc creator/4.0/psoc creator/import/gnu/arm/4.9.3/bin/../lib/gcc/arm-none-eabi/4.9.3/../../../../arm-none-eabi/lib/armv7-m\libg.a
LOAD c:/program files (x86)/cypress/psoc creator/4.0/psoc creator/import/gnu/arm/4.9.3/bin/../lib/gcc/arm-none-eabi/4.9.3/../../../../arm-none-eabi/lib/armv7-m\libc.a
LOAD .\CortexM3\ARM_GCC_493\Release\Arduino_Analog_In.o
LOAD .\CortexM3\ARM_GCC_493\Release\Arduino_HW_Interrupt.o
LOAD .\CortexM3\ARM_GCC_493\Release\Arduino_Pins.o
LOAD .\CortexM3\ARM_GCC_493\Release\Arduino_Serial.o
LOAD .\CortexM3\ARM_GCC_493\Release\Arduino_Time.o
LOAD .\CortexM3\ARM_GCC_493\Release\Print.o
LOAD .\CortexM3\ARM_GCC_493\Release\Stream.o
LOAD .\CortexM3\ARM_GCC_493\Release\UARTClass.o
LOAD .\CortexM3\ARM_GCC_493\Release\WString.o
LOAD .\CortexM3\ARM_GCC_493\Release\dtostrf.o
LOAD .\CortexM3\ARM_GCC_493\Release\sketch.o
LOAD .\CortexM3\ARM_GCC_493\Release\Arduino_Math.o
LOAD .\CortexM3\ARM_GCC_493\Release\itoa.o
LOAD .\CortexM3\ARM_GCC_493\Release\main.o
LOAD .\CortexM3\ARM_GCC_493\Release\USBUARTClass.o
LOAD .\CortexM3\ARM_GCC_493\Release\Arduino_I2C.o
LOAD .\CortexM3\ARM_GCC_493\Release\Arduino_eeprom.o
LOAD .\CortexM3\ARM_GCC_493\Release\em_eeprom.o
LOAD .\CortexM3\ARM_GCC_493\Release\cybootloader.o
LOAD .\CortexM3\ARM_GCC_493\Release\cymetadata.o
LOAD .\CortexM3\ARM_GCC_493\Release\Cm3Start.o
LOAD .\CortexM3\ARM_GCC_493\Release\CY8CKIT59_Ardudino-Speeduino.a
LOAD C:\Program Files (x86)\Cypress\PSoC Creator\4.0\PSoC Creator\psoc\content\cycomponentlibrary\CyComponentLibrary.cylib\CortexM3\ARM_GCC_493\Release\CyComponentLibrary.a
LOAD c:/program files (x86)/cypress/psoc creator/4.0/psoc creator/import/gnu/arm/4.9.3/bin/../lib/gcc/arm-none-eabi/4.9.3/../../../../arm-none-eabi/lib/armv7-m\libm.a
LOAD c:/program files (x86)/cypress/psoc creator/4.0/psoc creator/import/gnu/arm/4.9.3/bin/../lib/gcc/arm-none-eabi/4.9.3/../../../../arm-none-eabi/lib/armv7-m\libstdc++.a
END GROUP
START GROUP
LOAD c:/program files (x86)/cypress/psoc creator/4.0/psoc creator/import/gnu/arm/4.9.3/bin/../lib/gcc/arm-none-eabi/4.9.3/armv7-m\libgcc.a
LOAD c:/program files (x86)/cypress/psoc creator/4.0/psoc creator/import/gnu/arm/4.9.3/bin/../lib/gcc/arm-none-eabi/4.9.3/../../../../arm-none-eabi/lib/armv7-m\libg.a
LOAD c:/program files (x86)/cypress/psoc creator/4.0/psoc creator/import/gnu/arm/4.9.3/bin/../lib/gcc/arm-none-eabi/4.9.3/../../../../arm-none-eabi/lib/armv7-m\libc.a
END GROUP
LOAD c:/program files (x86)/cypress/psoc creator/4.0/psoc creator/import/gnu/arm/4.9.3/bin/../lib/gcc/arm-none-eabi/4.9.3/armv7-m/crtend.o
LOAD c:/program files (x86)/cypress/psoc creator/4.0/psoc creator/import/gnu/arm/4.9.3/bin/../lib/gcc/arm-none-eabi/4.9.3/armv7-m/crtn.o
START GROUP
LOAD c:/program files (x86)/cypress/psoc creator/4.0/psoc creator/import/gnu/arm/4.9.3/bin/../lib/gcc/arm-none-eabi/4.9.3/armv7-m\libgcc.a
LOAD c:/program files (x86)/cypress/psoc creator/4.0/psoc creator/import/gnu/arm/4.9.3/bin/../lib/gcc/arm-none-eabi/4.9.3/../../../../arm-none-eabi/lib/armv7-m\libc.a
LOAD c:/program files (x86)/cypress/psoc creator/4.0/psoc creator/import/gnu/arm/4.9.3/bin/../lib/gcc/arm-none-eabi/4.9.3/../../../../arm-none-eabi/lib/armv7-m\libnosys.a
END GROUP
                0x00002800                CY_APPL_ORIGIN = 0x2800
                0x00000100                CY_FLASH_ROW_SIZE = 0x100
                0x00000020                CY_ECC_ROW_SIZE = 0x20
                0x00000000                CY_EE_IN_BTLDR = 0x0
                0x00000001                CY_APPL_LOADABLE = 0x1
                0x00000800                CY_EE_SIZE = 0x800
                0x00000001                CY_APPL_NUM = 0x1
                0x00000001                CY_APPL_MAX = 0x1
                0x00000040                CY_METADATA_SIZE = 0x40
                0x00000001                CY_APPL_LOADABLE = 0x1
                0x00000000                CY_CHECKSUM_EXCLUDE_SIZE = ALIGN (0x0, CY_FLASH_ROW_SIZE)
                0x1fff9510                PROVIDE (__cy_heap_start, _end)
                0x00000001                PROVIDE (__cy_region_num, ((__cy_regions_end - __cy_regions) / 0x10))
                0x20008000                PROVIDE (__cy_stack, (ORIGIN (ram) + 0x10000))
                0x20006000                PROVIDE (__cy_heap_end, (__cy_stack - 0x2000))

.cybootloader   0x00000000     0x2400
 *(.cybootloader)
 .cybootloader  0x00000000     0x2400 C:\Users\Bruger\AppData\Local\Temp\ccjwvHOi.ltrans0.ltrans.o
                0x00000000                cy_bootloader
                0x00002800                appl1_start = CY_APPL_ORIGIN?CY_APPL_ORIGIN:ALIGN (CY_FLASH_ROW_SIZE)
                0x00021300                appl2_start = (appl1_start + ALIGN ((((0x40000 - appl1_start) - (0x2 * CY_FLASH_ROW_SIZE)) / 0x2), CY_FLASH_ROW_SIZE))
                0x00002800                appl_start = (CY_APPL_NUM == 0x1)?appl1_start:appl2_start
                0x00000500                ecc_offset = ((appl_start / CY_FLASH_ROW_SIZE) * CY_ECC_ROW_SIZE)
                0x00000000                ee_offset = (CY_APPL_LOADABLE && ! (CY_EE_IN_BTLDR))?((CY_EE_SIZE / CY_APPL_MAX) * (CY_APPL_NUM - 0x1)):0x0
                0x00000800                ee_size = (CY_APPL_LOADABLE && ! (CY_EE_IN_BTLDR))?(CY_EE_SIZE / CY_APPL_MAX):CY_EE_SIZE
                0x00000500                PROVIDE (CY_ECC_OFFSET, ecc_offset)

.text           0x00002800    0x12de0
 CREATE_OBJECT_SYMBOLS
                0x00000000                PROVIDE (__cy_interrupt_vector, RomVectors)
 *(.romvectors)
 .romvectors    0x00002800       0x10 C:\Users\Bruger\AppData\Local\Temp\ccjwvHOi.ltrans2.ltrans.o
                0x00000001                ASSERT ((. != __cy_interrupt_vector), No interrupt vector)
                0x00000001                ASSERT (CY_APPL_ORIGIN?(SIZEOF (.cybootloader) <= CY_APPL_ORIGIN):0x1, Wrong image location)
                0x00002810                PROVIDE (__cy_reset, Reset)
 *(.text.Reset)
 .text.Reset    0x00002810       0x54 C:\Users\Bruger\AppData\Local\Temp\ccjwvHOi.ltrans1.ltrans.o
                0x00002810                Reset
                0x00000001                ASSERT ((. != __cy_reset), No reset code)
 *(.dma_init)
                0x00000001                ASSERT ((((appl_start + .) <= 0x10000) || 0x1), DMA Init must be within the first 64k of flash)
 *(.text .text.* .gnu.linkonce.t.*)
 .text          0x00002864       0x5c c:/program files (x86)/cypress/psoc creator/4.0/psoc creator/import/gnu/arm/4.9.3/bin/../lib/gcc/arm-none-eabi/4.9.3/armv7-m/crtbegin.o
 .text._ZN7TwoWire5writeEPhh
                0x000028c0       0x34 C:\Users\Bruger\AppData\Local\Temp\ccjwvHOi.ltrans0.ltrans.o
                0x000028c0                TwoWire::write(unsigned char*, unsigned char)
 .text._ZN12USBUARTClass6bufferEv
                0x000028f4      0x120 C:\Users\Bruger\AppData\Local\Temp\ccjwvHOi.ltrans0.ltrans.o
                0x000028f4                USBUARTClass::buffer()
 .text._ZN12USBUARTClass5flushEv
                0x00002a14        0x4 C:\Users\Bruger\AppData\Local\Temp\ccjwvHOi.ltrans0.ltrans.o
                0x00002a14                USBUARTClass::flush()
 .text._ZN12USBUARTClass4readEv
                0x00002a18      0x15c C:\Users\Bruger\AppData\Local\Temp\ccjwvHOi.ltrans0.ltrans.o
                0x00002a18                USBUARTClass::read()
 .text._ZN12USBUARTClass4peekEv
                0x00002b74      0x13c C:\Users\Bruger\AppData\Local\Temp\ccjwvHOi.ltrans0.ltrans.o
                0x00002b74                USBUARTClass::peek()
 .text._ZN12USBUARTClass9availableEv
                0x00002cb0      0x130 C:\Users\Bruger\AppData\Local\Temp\ccjwvHOi.ltrans0.ltrans.o
                0x00002cb0                USBUARTClass::available()
 .text._ZN12USBUARTClass9readBytesEPKhj
                0x00002de0        0x4 C:\Users\Bruger\AppData\Local\Temp\ccjwvHOi.ltrans0.ltrans.o
                0x00002de0                USBUARTClass::readBytes(unsigned char const*, unsigned int)
 .text._Z9onemsTestv
                0x00002de4       0x2c C:\Users\Bruger\AppData\Local\Temp\ccjwvHOi.ltrans0.ltrans.o
 .text._ZN5Print5writeEPKhj
                0x00002e10       0x28 C:\Users\Bruger\AppData\Local\Temp\ccjwvHOi.ltrans0.ltrans.o
                0x00002e10                Print::write(unsigned char const*, unsigned int)
 .text._Z19BootloaderReset_ISRv
                0x00002e38       0x90 C:\Users\Bruger\AppData\Local\Temp\ccjwvHOi.ltrans0.ltrans.o
 .text._ZN12USBUARTClass17_usb_serial_writeEPKht
                0x00002ec8      0x1cc C:\Users\Bruger\AppData\Local\Temp\ccjwvHOi.ltrans0.ltrans.o
 .text._ZN12USBUARTClass5writeEPKhj
                0x00003094       0x10 C:\Users\Bruger\AppData\Local\Temp\ccjwvHOi.ltrans0.ltrans.o
                0x00003094                USBUARTClass::write(unsigned char const*, unsigned int)
 .text._ZN12USBUARTClass5writeEh
                0x000030a4       0xf4 C:\Users\Bruger\AppData\Local\Temp\ccjwvHOi.ltrans0.ltrans.o
                0x000030a4                USBUARTClass::write(unsigned char)
 .text._ZN12USBUARTClass5writeEPKc
                0x00003198       0x1c C:\Users\Bruger\AppData\Local\Temp\ccjwvHOi.ltrans0.ltrans.o
                0x00003198                USBUARTClass::write(char const*)
 .text._ZN7TwoWireD2Ev
                0x000031b4        0x4 C:\Users\Bruger\AppData\Local\Temp\ccjwvHOi.ltrans0.ltrans.o
                0x000031b4                TwoWire::~TwoWire()
 .text._ZN12USBUARTClassD2Ev
                0x000031b8        0x4 C:\Users\Bruger\AppData\Local\Temp\ccjwvHOi.ltrans0.ltrans.o
                0x000031b8                USBUARTClass::~USBUARTClass()
 .text.startup.main
                0x000031bc      0x590 C:\Users\Bruger\AppData\Local\Temp\ccjwvHOi.ltrans0.ltrans.o
                0x000031bc                main
 .text.USBUART_DP_ISR
                0x0000374c        0xc C:\Users\Bruger\AppData\Local\Temp\ccjwvHOi.ltrans1.ltrans.o
                0x0000374c                USBUART_DP_ISR
 .text.USBUART_BUS_RESET_ISR
                0x00003758       0x68 C:\Users\Bruger\AppData\Local\Temp\ccjwvHOi.ltrans1.ltrans.o
                0x00003758                USBUART_BUS_RESET_ISR
 .text.USBUART_SOF_ISR
                0x000037c0        0x4 C:\Users\Bruger\AppData\Local\Temp\ccjwvHOi.ltrans1.ltrans.o
                0x000037c0                USBUART_SOF_ISR
 .text.USBUART_EP_3_ISR
                0x000037c4       0x40 C:\Users\Bruger\AppData\Local\Temp\ccjwvHOi.ltrans1.ltrans.o
                0x000037c4                USBUART_EP_3_ISR
 .text.USBUART_EP_2_ISR
                0x00003804       0x38 C:\Users\Bruger\AppData\Local\Temp\ccjwvHOi.ltrans1.ltrans.o
                0x00003804                USBUART_EP_2_ISR
 .text.USBUART_EP_1_ISR
                0x0000383c       0x34 C:\Users\Bruger\AppData\Local\Temp\ccjwvHOi.ltrans1.ltrans.o
                0x0000383c                USBUART_EP_1_ISR
 .text.unlikely.USBUART_InitNoDataControlTransfer
                0x00003870       0x30 C:\Users\Bruger\AppData\Local\Temp\ccjwvHOi.ltrans1.ltrans.o
                0x00003870                USBUART_InitNoDataControlTransfer
 .text.IntDefaultHandler
                0x000038a0        0x4 C:\Users\Bruger\AppData\Local\Temp\ccjwvHOi.ltrans1.ltrans.o
                0x000038a0                IntDefaultHandler
 .text._ZN7TwoWire5flushEv
                0x000038a4        0x4 C:\Users\Bruger\AppData\Local\Temp\ccjwvHOi.ltrans1.ltrans.o
                0x000038a4                TwoWire::flush()
 .text._ZN7TwoWire4peekEv
                0x000038a8       0x14 C:\Users\Bruger\AppData\Local\Temp\ccjwvHOi.ltrans1.ltrans.o
                0x000038a8                TwoWire::peek()
 .text._ZN7TwoWire4readEv
                0x000038bc       0x38 C:\Users\Bruger\AppData\Local\Temp\ccjwvHOi.ltrans1.ltrans.o
                0x000038bc                TwoWire::read()
 .text._ZN7TwoWire9availableEv
                0x000038f4        0xc C:\Users\Bruger\AppData\Local\Temp\ccjwvHOi.ltrans1.ltrans.o
                0x000038f4                TwoWire::available()
 .text._ZN7TwoWire5writeEh
                0x00003900       0x3c C:\Users\Bruger\AppData\Local\Temp\ccjwvHOi.ltrans1.ltrans.o
                0x00003900                TwoWire::write(unsigned char)
 .text.CyDelayUs
                0x0000393c        0xc C:\Users\Bruger\AppData\Local\Temp\ccjwvHOi.ltrans1.ltrans.o
                0x0000393c                CyDelayUs
 .text.USBUART_InitControlRead
                0x00003948      0x1e8 C:\Users\Bruger\AppData\Local\Temp\ccjwvHOi.ltrans1.ltrans.o
                0x00003948                USBUART_InitControlRead
 .text.USBUART_EP_0_ISR
                0x00003b30      0xd08 C:\Users\Bruger\AppData\Local\Temp\ccjwvHOi.ltrans1.ltrans.o
                0x00003b30                USBUART_EP_0_ISR
 .text._sbrk    0x00004838       0x30 C:\Users\Bruger\AppData\Local\Temp\ccjwvHOi.ltrans1.ltrans.o
                0x00004838                _sbrk
 .text.startup._GLOBAL__I_65535_0_Arduino_Advanced_IO.o.6420
                0x00004868      0x3c4 C:\Users\Bruger\AppData\Local\Temp\ccjwvHOi.ltrans2.ltrans.o
 .text._ZN12USBUARTClass13_enableUSBCDCEv.constprop.7
                0x00004c2c      0x288 C:\Users\Bruger\AppData\Local\Temp\ccjwvHOi.ltrans2.ltrans.o
                0x00004c2c                USBUARTClass::_enableUSBCDC() [clone .constprop.7]
 .text.USBUART_DispatchClassRqst
                0x00004eb4      0x168 C:\Users\Bruger\AppData\Local\Temp\ccjwvHOi.ltrans2.ltrans.o
                0x00004eb4                USBUART_DispatchClassRqst
 .text.EEPROM_1_WriteByte
                0x0000501c      0x160 C:\Users\Bruger\AppData\Local\Temp\ccjwvHOi.ltrans2.ltrans.o
                0x0000501c                EEPROM_1_WriteByte
 *fill*         0x0000517c        0x4 
 .text          0x00005180       0x20 .\CortexM3\ARM_GCC_493\Release\CY8CKIT59_Ardudino-Speeduino.a(CyBootAsmGnu.o)
                0x00005180                CyDelayCycles
                0x00005190                CyEnterCriticalSection
                0x00005198                CyExitCriticalSection
 .text.__fpclassifyd
                0x000051a0       0x58 c:/program files (x86)/cypress/psoc creator/4.0/psoc creator/import/gnu/arm/4.9.3/bin/../lib/gcc/arm-none-eabi/4.9.3/../../../../arm-none-eabi/lib/armv7-m\libm.a(lib_a-s_fpclassify.o)
                0x000051a0                __fpclassifyd
 .text._ZNK10__cxxabiv117__class_type_info11__do_upcastEPKS0_PPv
                0x000051f8       0x38 c:/program files (x86)/cypress/psoc creator/4.0/psoc creator/import/gnu/arm/4.9.3/bin/../lib/gcc/arm-none-eabi/4.9.3/../../../../arm-none-eabi/lib/armv7-m\libstdc++.a(class_type_info.o)
                0x000051f8                __cxxabiv1::__class_type_info::__do_upcast(__cxxabiv1::__class_type_info const*, void**) const
 .text._ZNK10__cxxabiv117__class_type_info20__do_find_public_srcEiPKvPKS0_S2_
                0x00005230        0xc c:/program files (x86)/cypress/psoc creator/4.0/psoc creator/import/gnu/arm/4.9.3/bin/../lib/gcc/arm-none-eabi/4.9.3/../../../../arm-none-eabi/lib/armv7-m\libstdc++.a(class_type_info.o)
                0x00005230                __cxxabiv1::__class_type_info::__do_find_public_src(int, void const*, __cxxabiv1::__class_type_info const*, void const*) const
 .text._ZN10__cxxabiv117__class_type_infoD2Ev
                0x0000523c       0x14 c:/program files (x86)/cypress/psoc creator/4.0/psoc creator/import/gnu/arm/4.9.3/bin/../lib/gcc/arm-none-eabi/4.9.3/../../../../arm-none-eabi/lib/armv7-m\libstdc++.a(class_type_info.o)
                0x0000523c                __cxxabiv1::__class_type_info::~__class_type_info()
                0x0000523c                __cxxabiv1::__class_type_info::~__class_type_info()
 .text._ZN10__cxxabiv117__class_type_infoD0Ev
                0x00005250       0x1c c:/program files (x86)/cypress/psoc creator/4.0/psoc creator/import/gnu/arm/4.9.3/bin/../lib/gcc/arm-none-eabi/4.9.3/../../../../arm-none-eabi/lib/armv7-m\libstdc++.a(class_type_info.o)
                0x00005250                __cxxabiv1::__class_type_info::~__class_type_info()
 .text._ZNK10__cxxabiv117__class_type_info11__do_upcastEPKS0_PKvRNS0_15__upcast_resultE
                0x0000526c       0x18 c:/program files (x86)/cypress/psoc creator/4.0/psoc creator/import/gnu/arm/4.9.3/bin/../lib/gcc/arm-none-eabi/4.9.3/../../../../arm-none-eabi/lib/armv7-m\libstdc++.a(class_type_info.o)
                0x0000526c                __cxxabiv1::__class_type_info::__do_upcast(__cxxabiv1::__class_type_info const*, void const*, __cxxabiv1::__class_type_info::__upcast_result&) const
 .text._ZNK10__cxxabiv117__class_type_info10__do_catchEPKSt9type_infoPPvj
                0x00005284       0x2c c:/program files (x86)/cypress/psoc creator/4.0/psoc creator/import/gnu/arm/4.9.3/bin/../lib/gcc/arm-none-eabi/4.9.3/../../../../arm-none-eabi/lib/armv7-m\libstdc++.a(class_type_info.o)
                0x00005284                __cxxabiv1::__class_type_info::__do_catch(std::type_info const*, void**, unsigned int) const
 .text._ZNK10__cxxabiv117__class_type_info12__do_dyncastEiNS0_10__sub_kindEPKS0_PKvS3_S5_RNS0_16__dyncast_resultE
                0x000052b0       0x40 c:/program files (x86)/cypress/psoc creator/4.0/psoc creator/import/gnu/arm/4.9.3/bin/../lib/gcc/arm-none-eabi/4.9.3/../../../../arm-none-eabi/lib/armv7-m\libstdc++.a(class_type_info.o)
                0x000052b0                __cxxabiv1::__class_type_info::__do_dyncast(int, __cxxabiv1::__class_type_info::__sub_kind, __cxxabiv1::__class_type_info const*, void const*, __cxxabiv1::__class_type_info const*, void const*, __cxxabiv1::__class_type_info::__dyncast_result&) const
 .text._ZL12read_sleb128PKhPl
                0x000052f0       0x30 c:/program files (x86)/cypress/psoc creator/4.0/psoc creator/import/gnu/arm/4.9.3/bin/../lib/gcc/arm-none-eabi/4.9.3/../../../../arm-none-eabi/lib/armv7-m\libstdc++.a(eh_personality.o)
 .text._ZL28read_encoded_value_with_basehjPKhPj
                0x00005320       0xa8 c:/program files (x86)/cypress/psoc creator/4.0/psoc creator/import/gnu/arm/4.9.3/bin/../lib/gcc/arm-none-eabi/4.9.3/../../../../arm-none-eabi/lib/armv7-m\libstdc++.a(eh_personality.o)
 .text._ZL21base_of_encoded_valuehP15_Unwind_Context
                0x000053c8       0x4c c:/program files (x86)/cypress/psoc creator/4.0/psoc creator/import/gnu/arm/4.9.3/bin/../lib/gcc/arm-none-eabi/4.9.3/../../../../arm-none-eabi/lib/armv7-m\libstdc++.a(eh_personality.o)
 .text._ZL17parse_lsda_headerP15_Unwind_ContextPKhP16lsda_header_info
                0x00005414       0x94 c:/program files (x86)/cypress/psoc creator/4.0/psoc creator/import/gnu/arm/4.9.3/bin/../lib/gcc/arm-none-eabi/4.9.3/../../../../arm-none-eabi/lib/armv7-m\libstdc++.a(eh_personality.o)
 .text.__gxx_personality_v0
                0x000054a8      0x424 c:/program files (x86)/cypress/psoc creator/4.0/psoc creator/import/gnu/arm/4.9.3/bin/../lib/gcc/arm-none-eabi/4.9.3/../../../../arm-none-eabi/lib/armv7-m\libstdc++.a(eh_personality.o)
                0x000054a8                __gxx_personality_v0
 .text.__aeabi_atexit
                0x000058cc        0xc c:/program files (x86)/cypress/psoc creator/4.0/psoc creator/import/gnu/arm/4.9.3/bin/../lib/gcc/arm-none-eabi/4.9.3/../../../../arm-none-eabi/lib/armv7-m\libstdc++.a(atexit_arm.o)
                0x000058cc                __aeabi_atexit
 .text._ZN10__cxxabiv120__si_class_type_infoD2Ev
                0x000058d8       0x14 c:/program files (x86)/cypress/psoc creator/4.0/psoc creator/import/gnu/arm/4.9.3/bin/../lib/gcc/arm-none-eabi/4.9.3/../../../../arm-none-eabi/lib/armv7-m\libstdc++.a(si_class_type_info.o)
                0x000058d8                __cxxabiv1::__si_class_type_info::~__si_class_type_info()
                0x000058d8                __cxxabiv1::__si_class_type_info::~__si_class_type_info()
 .text._ZN10__cxxabiv120__si_class_type_infoD0Ev
                0x000058ec       0x1c c:/program files (x86)/cypress/psoc creator/4.0/psoc creator/import/gnu/arm/4.9.3/bin/../lib/gcc/arm-none-eabi/4.9.3/../../../../arm-none-eabi/lib/armv7-m\libstdc++.a(si_class_type_info.o)
                0x000058ec                __cxxabiv1::__si_class_type_info::~__si_class_type_info()
 .text._ZNK10__cxxabiv120__si_class_type_info20__do_find_public_srcEiPKvPKNS_17__class_type_infoES2_
                0x00005908       0x3c c:/program files (x86)/cypress/psoc creator/4.0/psoc creator/import/gnu/arm/4.9.3/bin/../lib/gcc/arm-none-eabi/4.9.3/../../../../arm-none-eabi/lib/armv7-m\libstdc++.a(si_class_type_info.o)
                0x00005908                __cxxabiv1::__si_class_type_info::__do_find_public_src(int, void const*, __cxxabiv1::__class_type_info const*, void const*) const
 .text._ZNK10__cxxabiv120__si_class_type_info12__do_dyncastEiNS_17__class_type_info10__sub_kindEPKS1_PKvS4_S6_RNS1_16__dyncast_resultE
                0x00005944       0x84 c:/program files (x86)/cypress/psoc creator/4.0/psoc creator/import/gnu/arm/4.9.3/bin/../lib/gcc/arm-none-eabi/4.9.3/../../../../arm-none-eabi/lib/armv7-m\libstdc++.a(si_class_type_info.o)
                0x00005944                __cxxabiv1::__si_class_type_info::__do_dyncast(int, __cxxabiv1::__class_type_info::__sub_kind, __cxxabiv1::__class_type_info const*, void const*, __cxxabiv1::__class_type_info const*, void const*, __cxxabiv1::__class_type_info::__dyncast_result&) const
 .text._ZNK10__cxxabiv120__si_class_type_info11__do_upcastEPKNS_17__class_type_infoEPKvRNS1_15__upcast_resultE
                0x000059c8       0x2c c:/program files (x86)/cypress/psoc creator/4.0/psoc creator/import/gnu/arm/4.9.3/bin/../lib/gcc/arm-none-eabi/4.9.3/../../../../arm-none-eabi/lib/armv7-m\libstdc++.a(si_class_type_info.o)
                0x000059c8                __cxxabiv1::__si_class_type_info::__do_upcast(__cxxabiv1::__class_type_info const*, void const*, __cxxabiv1::__class_type_info::__upcast_result&) const
 .text.__cxa_pure_virtual
                0x000059f4       0x14 c:/program files (x86)/cypress/psoc creator/4.0/psoc creator/import/gnu/arm/4.9.3/bin/../lib/gcc/arm-none-eabi/4.9.3/../../../../arm-none-eabi/lib/armv7-m\libstdc++.a(pure.o)
                0x000059f4                __cxa_pure_virtual
 .text._ZN10__cxxabiv1L24__is_gxx_exception_classEPc
                0x00005a08       0x3c c:/program files (x86)/cypress/psoc creator/4.0/psoc creator/import/gnu/arm/4.9.3/bin/../lib/gcc/arm-none-eabi/4.9.3/../../../../arm-none-eabi/lib/armv7-m\libstdc++.a(eh_call.o)
 .text.__cxa_call_terminate
                0x00005a44       0x20 c:/program files (x86)/cypress/psoc creator/4.0/psoc creator/import/gnu/arm/4.9.3/bin/../lib/gcc/arm-none-eabi/4.9.3/../../../../arm-none-eabi/lib/armv7-m\libstdc++.a(eh_call.o)
                0x00005a44                __cxa_call_terminate
 .text.__cxa_call_unexpected
                0x00005a64       0xdc c:/program files (x86)/cypress/psoc creator/4.0/psoc creator/import/gnu/arm/4.9.3/bin/../lib/gcc/arm-none-eabi/4.9.3/../../../../arm-none-eabi/lib/armv7-m\libstdc++.a(eh_call.o)
                0x00005a64                __cxa_call_unexpected
 .text.__cxa_end_cleanup
                0x00005b40        0xc c:/program files (x86)/cypress/psoc creator/4.0/psoc creator/import/gnu/arm/4.9.3/bin/../lib/gcc/arm-none-eabi/4.9.3/../../../../arm-none-eabi/lib/armv7-m\libstdc++.a(eh_arm.o)
                0x00005b40                __cxa_end_cleanup
 .text.__cxa_type_match
                0x00005b4c       0xb0 c:/program files (x86)/cypress/psoc creator/4.0/psoc creator/import/gnu/arm/4.9.3/bin/../lib/gcc/arm-none-eabi/4.9.3/../../../../arm-none-eabi/lib/armv7-m\libstdc++.a(eh_arm.o)
                0x00005b4c                __cxa_type_match
 .text.__cxa_begin_cleanup
                0x00005bfc       0x64 c:/program files (x86)/cypress/psoc creator/4.0/psoc creator/import/gnu/arm/4.9.3/bin/../lib/gcc/arm-none-eabi/4.9.3/../../../../arm-none-eabi/lib/armv7-m\libstdc++.a(eh_arm.o)
                0x00005bfc                __cxa_begin_cleanup
 .text.__gnu_end_cleanup
                0x00005c60       0x70 c:/program files (x86)/cypress/psoc creator/4.0/psoc creator/import/gnu/arm/4.9.3/bin/../lib/gcc/arm-none-eabi/4.9.3/../../../../arm-none-eabi/lib/armv7-m\libstdc++.a(eh_arm.o)
                0x00005c60                __gnu_end_cleanup
 .text._ZN10__cxxabiv111__terminateEPFvvE
                0x00005cd0       0x28 c:/program files (x86)/cypress/psoc creator/4.0/psoc creator/import/gnu/arm/4.9.3/bin/../lib/gcc/arm-none-eabi/4.9.3/../../../../arm-none-eabi/lib/armv7-m\libstdc++.a(eh_terminate.o)
                0x00005cd0                __cxxabiv1::__terminate(void (*)())
 .text._ZSt9terminatev
                0x00005cf8       0x14 c:/program files (x86)/cypress/psoc creator/4.0/psoc creator/import/gnu/arm/4.9.3/bin/../lib/gcc/arm-none-eabi/4.9.3/../../../../arm-none-eabi/lib/armv7-m\libstdc++.a(eh_terminate.o)
                0x00005cf8                std::terminate()
 .text._ZN10__cxxabiv112__unexpectedEPFvvE
                0x00005d0c        0x8 c:/program files (x86)/cypress/psoc creator/4.0/psoc creator/import/gnu/arm/4.9.3/bin/../lib/gcc/arm-none-eabi/4.9.3/../../../../arm-none-eabi/lib/armv7-m\libstdc++.a(eh_terminate.o)
                0x00005d0c                __cxxabiv1::__unexpected(void (*)())
 .text._ZSt10unexpectedv
                0x00005d14       0x14 c:/program files (x86)/cypress/psoc creator/4.0/psoc creator/import/gnu/arm/4.9.3/bin/../lib/gcc/arm-none-eabi/4.9.3/../../../../arm-none-eabi/lib/armv7-m\libstdc++.a(eh_terminate.o)
                0x00005d14                std::unexpected()
 .text._ZSt13get_terminatev
                0x00005d28       0x10 c:/program files (x86)/cypress/psoc creator/4.0/psoc creator/import/gnu/arm/4.9.3/bin/../lib/gcc/arm-none-eabi/4.9.3/../../../../arm-none-eabi/lib/armv7-m\libstdc++.a(eh_terminate.o)
                0x00005d28                std::get_terminate()
 .text._ZSt14get_unexpectedv
                0x00005d38       0x10 c:/program files (x86)/cypress/psoc creator/4.0/psoc creator/import/gnu/arm/4.9.3/bin/../lib/gcc/arm-none-eabi/4.9.3/../../../../arm-none-eabi/lib/armv7-m\libstdc++.a(eh_terminate.o)
                0x00005d38                std::get_unexpected()
 .text.__cxa_begin_catch
                0x00005d48       0x8c c:/program files (x86)/cypress/psoc creator/4.0/psoc creator/import/gnu/arm/4.9.3/bin/../lib/gcc/arm-none-eabi/4.9.3/../../../../arm-none-eabi/lib/armv7-m\libstdc++.a(eh_catch.o)
                0x00005d48                __cxa_begin_catch
 .text.__cxa_end_catch
                0x00005dd4       0x8c c:/program files (x86)/cypress/psoc creator/4.0/psoc creator/import/gnu/arm/4.9.3/bin/../lib/gcc/arm-none-eabi/4.9.3/../../../../arm-none-eabi/lib/armv7-m\libstdc++.a(eh_catch.o)
                0x00005dd4                __cxa_end_catch
 .text._ZNSt9type_infoD2Ev
                0x00005e60        0x4 c:/program files (x86)/cypress/psoc creator/4.0/psoc creator/import/gnu/arm/4.9.3/bin/../lib/gcc/arm-none-eabi/4.9.3/../../../../arm-none-eabi/lib/armv7-m\libstdc++.a(tinfo.o)
                0x00005e60                std::type_info::~type_info()
                0x00005e60                std::type_info::~type_info()
 .text._ZNKSt9type_info14__is_pointer_pEv
                0x00005e64        0x4 c:/program files (x86)/cypress/psoc creator/4.0/psoc creator/import/gnu/arm/4.9.3/bin/../lib/gcc/arm-none-eabi/4.9.3/../../../../arm-none-eabi/lib/armv7-m\libstdc++.a(tinfo.o)
                0x00005e64                std::type_info::__is_pointer_p() const
 .text._ZNKSt9type_info15__is_function_pEv
                0x00005e68        0x4 c:/program files (x86)/cypress/psoc creator/4.0/psoc creator/import/gnu/arm/4.9.3/bin/../lib/gcc/arm-none-eabi/4.9.3/../../../../arm-none-eabi/lib/armv7-m\libstdc++.a(tinfo.o)
                0x00005e68                std::type_info::__is_function_p() const
 .text._ZNKSt9type_infoeqERKS_
                0x00005e6c       0x2c c:/program files (x86)/cypress/psoc creator/4.0/psoc creator/import/gnu/arm/4.9.3/bin/../lib/gcc/arm-none-eabi/4.9.3/../../../../arm-none-eabi/lib/armv7-m\libstdc++.a(tinfo.o)
                0x00005e6c                std::type_info::operator==(std::type_info const&) const
 .text._ZdlPv   0x00005e98        0x4 c:/program files (x86)/cypress/psoc creator/4.0/psoc creator/import/gnu/arm/4.9.3/bin/../lib/gcc/arm-none-eabi/4.9.3/../../../../arm-none-eabi/lib/armv7-m\libstdc++.a(del_op.o)
                0x00005e98                operator delete(void*)
 .text._ZL23__gxx_exception_cleanup19_Unwind_Reason_CodeP21_Unwind_Control_Block
                0x00005e9c       0x44 c:/program files (x86)/cypress/psoc creator/4.0/psoc creator/import/gnu/arm/4.9.3/bin/../lib/gcc/arm-none-eabi/4.9.3/../../../../arm-none-eabi/lib/armv7-m\libstdc++.a(eh_throw.o)
 .text.__cxa_throw
                0x00005ee0       0x80 c:/program files (x86)/cypress/psoc creator/4.0/psoc creator/import/gnu/arm/4.9.3/bin/../lib/gcc/arm-none-eabi/4.9.3/../../../../arm-none-eabi/lib/armv7-m\libstdc++.a(eh_throw.o)
                0x00005ee0                __cxa_throw
 .text.__cxa_rethrow
                0x00005f60       0x70 c:/program files (x86)/cypress/psoc creator/4.0/psoc creator/import/gnu/arm/4.9.3/bin/../lib/gcc/arm-none-eabi/4.9.3/../../../../arm-none-eabi/lib/armv7-m\libstdc++.a(eh_throw.o)
                0x00005f60                __cxa_rethrow
 .text.__cxa_allocate_exception
                0x00005fd0       0x58 c:/program files (x86)/cypress/psoc creator/4.0/psoc creator/import/gnu/arm/4.9.3/bin/../lib/gcc/arm-none-eabi/4.9.3/../../../../arm-none-eabi/lib/armv7-m\libstdc++.a(eh_alloc.o)
                0x00005fd0                __cxa_allocate_exception
 .text.__cxa_free_exception
                0x00006028       0x30 c:/program files (x86)/cypress/psoc creator/4.0/psoc creator/import/gnu/arm/4.9.3/bin/../lib/gcc/arm-none-eabi/4.9.3/../../../../arm-none-eabi/lib/armv7-m\libstdc++.a(eh_alloc.o)
                0x00006028                __cxa_free_exception
 .text.__cxa_get_globals_fast
                0x00006058        0x8 c:/program files (x86)/cypress/psoc creator/4.0/psoc creator/import/gnu/arm/4.9.3/bin/../lib/gcc/arm-none-eabi/4.9.3/../../../../arm-none-eabi/lib/armv7-m\libstdc++.a(eh_globals.o)
                0x00006058                __cxa_get_globals_fast
 .text.__cxa_get_globals
                0x00006060        0x8 c:/program files (x86)/cypress/psoc creator/4.0/psoc creator/import/gnu/arm/4.9.3/bin/../lib/gcc/arm-none-eabi/4.9.3/../../../../arm-none-eabi/lib/armv7-m\libstdc++.a(eh_globals.o)
                0x00006060                __cxa_get_globals
 .text._ZN9__gnu_cxx27__verbose_terminate_handlerEv
                0x00006068      0x114 c:/program files (x86)/cypress/psoc creator/4.0/psoc creator/import/gnu/arm/4.9.3/bin/../lib/gcc/arm-none-eabi/4.9.3/../../../../arm-none-eabi/lib/armv7-m\libstdc++.a(vterminate.o)
                0x00006068                __gnu_cxx::__verbose_terminate_handler()
 .text.__cxa_current_exception_type
                0x0000617c       0x1c c:/program files (x86)/cypress/psoc creator/4.0/psoc creator/import/gnu/arm/4.9.3/bin/../lib/gcc/arm-none-eabi/4.9.3/../../../../arm-none-eabi/lib/armv7-m\libstdc++.a(eh_type.o)
                0x0000617c                __cxa_current_exception_type
 .text._ZNSt13bad_exceptionD2Ev
                0x00006198        0x4 c:/program files (x86)/cypress/psoc creator/4.0/psoc creator/import/gnu/arm/4.9.3/bin/../lib/gcc/arm-none-eabi/4.9.3/../../../../arm-none-eabi/lib/armv7-m\libstdc++.a(eh_exception.o)
                0x00006198                std::bad_exception::~bad_exception()
                0x00006198                std::bad_exception::~bad_exception()
 .text._ZNKSt13bad_exception4whatEv
                0x0000619c        0x8 c:/program files (x86)/cypress/psoc creator/4.0/psoc creator/import/gnu/arm/4.9.3/bin/../lib/gcc/arm-none-eabi/4.9.3/../../../../arm-none-eabi/lib/armv7-m\libstdc++.a(eh_exception.o)
                0x0000619c                std::bad_exception::what() const
 .text._ZNSt13bad_exceptionD0Ev
                0x000061a4        0xc c:/program files (x86)/cypress/psoc creator/4.0/psoc creator/import/gnu/arm/4.9.3/bin/../lib/gcc/arm-none-eabi/4.9.3/../../../../arm-none-eabi/lib/armv7-m\libstdc++.a(eh_exception.o)
                0x000061a4                std::bad_exception::~bad_exception()
 .text          0x000061b0     0x88c0 c:/program files (x86)/cypress/psoc creator/4.0/psoc creator/import/gnu/arm/4.9.3/bin/../lib/gcc/arm-none-eabi/4.9.3/../../../../arm-none-eabi/lib/armv7-m\libstdc++.a(cp-demangle.o)
                0x0000e98c                __cxa_demangle
                0x0000ea4c                __gcclibcxx_demangle_callback
 .text          0x0000ea70      0xa54 c:/program files (x86)/cypress/psoc creator/4.0/psoc creator/import/gnu/arm/4.9.3/bin/../lib/gcc/arm-none-eabi/4.9.3/armv7-m\libgcc.a(unwind-arm.o)
                0x0000ed50                _Unwind_GetCFA
                0x0000ed54                __gnu_Unwind_RaiseException
                0x0000edb4                __gnu_Unwind_ForcedUnwind
                0x0000edc8                __gnu_Unwind_Resume
                0x0000ee0c                __gnu_Unwind_Resume_or_Rethrow
                0x0000ee20                _Unwind_Complete
                0x0000ee24                _Unwind_DeleteException
                0x0000ee30                _Unwind_VRS_Get
                0x0000ee80                _Unwind_VRS_Set
                0x0000eed0                __gnu_Unwind_Backtrace
                0x0000f214                __aeabi_unwind_cpp_pr0
                0x0000f218                __aeabi_unwind_cpp_pr1
                0x0000f21c                __aeabi_unwind_cpp_pr2
                0x0000f220                _Unwind_VRS_Pop
 .text          0x0000f4c4      0x1ac c:/program files (x86)/cypress/psoc creator/4.0/psoc creator/import/gnu/arm/4.9.3/bin/../lib/gcc/arm-none-eabi/4.9.3/armv7-m\libgcc.a(libunwind.o)
                0x0000f4c4                __restore_core_regs
                0x0000f4c4                restore_core_regs
                0x0000f4dc                __gnu_Unwind_Restore_VFP
                0x0000f4e4                __gnu_Unwind_Save_VFP
                0x0000f4ec                __gnu_Unwind_Restore_VFP_D
                0x0000f4f4                __gnu_Unwind_Save_VFP_D
                0x0000f4fc                __gnu_Unwind_Restore_VFP_D_16_to_31
                0x0000f504                __gnu_Unwind_Save_VFP_D_16_to_31
                0x0000f50c                __gnu_Unwind_Restore_WMMXD
                0x0000f550                __gnu_Unwind_Save_WMMXD
                0x0000f594                __gnu_Unwind_Restore_WMMXC
                0x0000f5a8                __gnu_Unwind_Save_WMMXC
                0x0000f5bc                ___Unwind_RaiseException
                0x0000f5bc                _Unwind_RaiseException
                0x0000f5e0                _Unwind_Resume
                0x0000f5e0                ___Unwind_Resume
                0x0000f604                _Unwind_Resume_or_Rethrow
                0x0000f604                ___Unwind_Resume_or_Rethrow
                0x0000f628                _Unwind_ForcedUnwind
                0x0000f628                ___Unwind_ForcedUnwind
                0x0000f64c                ___Unwind_Backtrace
                0x0000f64c                _Unwind_Backtrace
 .text          0x0000f670      0x37c c:/program files (x86)/cypress/psoc creator/4.0/psoc creator/import/gnu/arm/4.9.3/bin/../lib/gcc/arm-none-eabi/4.9.3/armv7-m\libgcc.a(pr-support.o)
                0x0000f6c8                __gnu_unwind_execute
                0x0000f994                __gnu_unwind_frame
                0x0000f9bc                _Unwind_GetRegionStart
                0x0000f9c8                _Unwind_GetLanguageSpecificData
                0x0000f9dc                _Unwind_GetDataRelBase
                0x0000f9e4                _Unwind_GetTextRelBase
 .text.abort    0x0000f9ec       0x10 c:/program files (x86)/cypress/psoc creator/4.0/psoc creator/import/gnu/arm/4.9.3/bin/../lib/gcc/arm-none-eabi/4.9.3/../../../../arm-none-eabi/lib/armv7-m\libg.a(lib_a-abort.o)
                0x0000f9ec                abort
 .text.__cxa_atexit
                0x0000f9fc       0x14 c:/program files (x86)/cypress/psoc creator/4.0/psoc creator/import/gnu/arm/4.9.3/bin/../lib/gcc/arm-none-eabi/4.9.3/../../../../arm-none-eabi/lib/armv7-m\libg.a(lib_a-cxa_atexit.o)
                0x0000f9fc                __cxa_atexit
 .text.__errno  0x0000fa10        0xc c:/program files (x86)/cypress/psoc creator/4.0/psoc creator/import/gnu/arm/4.9.3/bin/../lib/gcc/arm-none-eabi/4.9.3/../../../../arm-none-eabi/lib/armv7-m\libg.a(lib_a-errno.o)
                0x0000fa10                __errno
 .text.fputc    0x0000fa1c       0x28 c:/program files (x86)/cypress/psoc creator/4.0/psoc creator/import/gnu/arm/4.9.3/bin/../lib/gcc/arm-none-eabi/4.9.3/../../../../arm-none-eabi/lib/armv7-m\libg.a(lib_a-fputc.o)
                0x0000fa1c                fputc
 .text._fputs_r
                0x0000fa44       0x4c c:/program files (x86)/cypress/psoc creator/4.0/psoc creator/import/gnu/arm/4.9.3/bin/../lib/gcc/arm-none-eabi/4.9.3/../../../../arm-none-eabi/lib/armv7-m\libg.a(lib_a-fputs.o)
                0x0000fa44                _fputs_r
 .text.fputs    0x0000fa90       0x10 c:/program files (x86)/cypress/psoc creator/4.0/psoc creator/import/gnu/arm/4.9.3/bin/../lib/gcc/arm-none-eabi/4.9.3/../../../../arm-none-eabi/lib/armv7-m\libg.a(lib_a-fputs.o)
                0x0000fa90                fputs
 .text.__sfvwrite_r
                0x0000faa0      0x320 c:/program files (x86)/cypress/psoc creator/4.0/psoc creator/import/gnu/arm/4.9.3/bin/../lib/gcc/arm-none-eabi/4.9.3/../../../../arm-none-eabi/lib/armv7-m\libg.a(lib_a-fvwrite.o)
                0x0000faa0                __sfvwrite_r
 .text._fwrite_r
                0x0000fdc0       0x64 c:/program files (x86)/cypress/psoc creator/4.0/psoc creator/import/gnu/arm/4.9.3/bin/../lib/gcc/arm-none-eabi/4.9.3/../../../../arm-none-eabi/lib/armv7-m\libg.a(lib_a-fwrite.o)
                0x0000fdc0                _fwrite_r
 .text.fwrite   0x0000fe24       0x20 c:/program files (x86)/cypress/psoc creator/4.0/psoc creator/import/gnu/arm/4.9.3/bin/../lib/gcc/arm-none-eabi/4.9.3/../../../../arm-none-eabi/lib/armv7-m\libg.a(lib_a-fwrite.o)
                0x0000fe24                fwrite
 .text.__libc_init_array
                0x0000fe44       0x50 c:/program files (x86)/cypress/psoc creator/4.0/psoc creator/import/gnu/arm/4.9.3/bin/../lib/gcc/arm-none-eabi/4.9.3/../../../../arm-none-eabi/lib/armv7-m\libg.a(lib_a-init.o)
                0x0000fe44                __libc_init_array
 .text.malloc   0x0000fe94       0x10 c:/program files (x86)/cypress/psoc creator/4.0/psoc creator/import/gnu/arm/4.9.3/bin/../lib/gcc/arm-none-eabi/4.9.3/../../../../arm-none-eabi/lib/armv7-m\libg.a(lib_a-malloc.o)
                0x0000fe94                malloc
 .text.free     0x0000fea4       0x10 c:/program files (x86)/cypress/psoc creator/4.0/psoc creator/import/gnu/arm/4.9.3/bin/../lib/gcc/arm-none-eabi/4.9.3/../../../../arm-none-eabi/lib/armv7-m\libg.a(lib_a-malloc.o)
                0x0000fea4                free
 .text._malloc_r
                0x0000feb4      0x50c c:/program files (x86)/cypress/psoc creator/4.0/psoc creator/import/gnu/arm/4.9.3/bin/../lib/gcc/arm-none-eabi/4.9.3/../../../../arm-none-eabi/lib/armv7-m\libg.a(lib_a-mallocr.o)
                0x0000feb4                _malloc_r
 .text.memchr   0x000103c0       0x94 c:/program files (x86)/cypress/psoc creator/4.0/psoc creator/import/gnu/arm/4.9.3/bin/../lib/gcc/arm-none-eabi/4.9.3/../../../../arm-none-eabi/lib/armv7-m\libg.a(lib_a-memchr.o)
                0x000103c0                memchr
 .text.memcmp   0x00010454       0x64 c:/program files (x86)/cypress/psoc creator/4.0/psoc creator/import/gnu/arm/4.9.3/bin/../lib/gcc/arm-none-eabi/4.9.3/../../../../arm-none-eabi/lib/armv7-m\libg.a(lib_a-memcmp.o)
                0x00010454                memcmp
 .text          0x000104b8       0xec c:/program files (x86)/cypress/psoc creator/4.0/psoc creator/import/gnu/arm/4.9.3/bin/../lib/gcc/arm-none-eabi/4.9.3/../../../../arm-none-eabi/lib/armv7-m\libg.a(lib_a-memcpy.o)
                0x000104b8                memcpy
 .text.memmove  0x000105a4       0xc8 c:/program files (x86)/cypress/psoc creator/4.0/psoc creator/import/gnu/arm/4.9.3/bin/../lib/gcc/arm-none-eabi/4.9.3/../../../../arm-none-eabi/lib/armv7-m\libg.a(lib_a-memmove.o)
                0x000105a4                memmove
 .text.memset   0x0001066c       0x9c c:/program files (x86)/cypress/psoc creator/4.0/psoc creator/import/gnu/arm/4.9.3/bin/../lib/gcc/arm-none-eabi/4.9.3/../../../../arm-none-eabi/lib/armv7-m\libg.a(lib_a-memset.o)
                0x0001066c                memset
 .text.__malloc_lock
                0x00010708        0x4 c:/program files (x86)/cypress/psoc creator/4.0/psoc creator/import/gnu/arm/4.9.3/bin/../lib/gcc/arm-none-eabi/4.9.3/../../../../arm-none-eabi/lib/armv7-m\libg.a(lib_a-mlock.o)
                0x00010708                __malloc_lock
 .text.__malloc_unlock
                0x0001070c        0x4 c:/program files (x86)/cypress/psoc creator/4.0/psoc creator/import/gnu/arm/4.9.3/bin/../lib/gcc/arm-none-eabi/4.9.3/../../../../arm-none-eabi/lib/armv7-m\libg.a(lib_a-mlock.o)
                0x0001070c                __malloc_unlock
 .text._putc_r  0x00010710       0x58 c:/program files (x86)/cypress/psoc creator/4.0/psoc creator/import/gnu/arm/4.9.3/bin/../lib/gcc/arm-none-eabi/4.9.3/../../../../arm-none-eabi/lib/armv7-m\libg.a(lib_a-putc.o)
                0x00010710                _putc_r
 .text.realloc  0x00010768       0x10 c:/program files (x86)/cypress/psoc creator/4.0/psoc creator/import/gnu/arm/4.9.3/bin/../lib/gcc/arm-none-eabi/4.9.3/../../../../arm-none-eabi/lib/armv7-m\libg.a(lib_a-realloc.o)
                0x00010768                realloc
 .text._realloc_r
                0x00010778      0x3e0 c:/program files (x86)/cypress/psoc creator/4.0/psoc creator/import/gnu/arm/4.9.3/bin/../lib/gcc/arm-none-eabi/4.9.3/../../../../arm-none-eabi/lib/armv7-m\libg.a(lib_a-reallocr.o)
                0x00010778                _realloc_r
 .text._sbrk_r  0x00010b58       0x24 c:/program files (x86)/cypress/psoc creator/4.0/psoc creator/import/gnu/arm/4.9.3/bin/../lib/gcc/arm-none-eabi/4.9.3/../../../../arm-none-eabi/lib/armv7-m\libg.a(lib_a-sbrkr.o)
                0x00010b58                _sbrk_r
 .text._raise_r
                0x00010b7c       0x58 c:/program files (x86)/cypress/psoc creator/4.0/psoc creator/import/gnu/arm/4.9.3/bin/../lib/gcc/arm-none-eabi/4.9.3/../../../../arm-none-eabi/lib/armv7-m\libg.a(lib_a-signal.o)
                0x00010b7c                _raise_r
 .text.raise    0x00010bd4       0x10 c:/program files (x86)/cypress/psoc creator/4.0/psoc creator/import/gnu/arm/4.9.3/bin/../lib/gcc/arm-none-eabi/4.9.3/../../../../arm-none-eabi/lib/armv7-m\libg.a(lib_a-signal.o)
                0x00010bd4                raise
 .text._kill_r  0x00010be4       0x28 c:/program files (x86)/cypress/psoc creator/4.0/psoc creator/import/gnu/arm/4.9.3/bin/../lib/gcc/arm-none-eabi/4.9.3/../../../../arm-none-eabi/lib/armv7-m\libg.a(lib_a-signalr.o)
                0x00010be4                _kill_r
 .text._getpid_r
                0x00010c0c        0x4 c:/program files (x86)/cypress/psoc creator/4.0/psoc creator/import/gnu/arm/4.9.3/bin/../lib/gcc/arm-none-eabi/4.9.3/../../../../arm-none-eabi/lib/armv7-m\libg.a(lib_a-signalr.o)
                0x00010c0c                _getpid_r
 .text.sprintf  0x00010c10       0x4c c:/program files (x86)/cypress/psoc creator/4.0/psoc creator/import/gnu/arm/4.9.3/bin/../lib/gcc/arm-none-eabi/4.9.3/../../../../arm-none-eabi/lib/armv7-m\libg.a(lib_a-sprintf.o)
                0x00010c10                sprintf
 .text          0x00010c5c      0x1bc c:/program files (x86)/cypress/psoc creator/4.0/psoc creator/import/gnu/arm/4.9.3/bin/../lib/gcc/arm-none-eabi/4.9.3/../../../../arm-none-eabi/lib/armv7-m\libg.a(lib_a-strcmp.o)
                0x00010c5c                strcmp
 .text.strlen   0x00010e18       0x5c c:/program files (x86)/cypress/psoc creator/4.0/psoc creator/import/gnu/arm/4.9.3/bin/../lib/gcc/arm-none-eabi/4.9.3/../../../../arm-none-eabi/lib/armv7-m\libg.a(lib_a-strlen.o)
                0x00010e18                strlen
 .text.strncmp  0x00010e74       0x94 c:/program files (x86)/cypress/psoc creator/4.0/psoc creator/import/gnu/arm/4.9.3/bin/../lib/gcc/arm-none-eabi/4.9.3/../../../../arm-none-eabi/lib/armv7-m\libg.a(lib_a-strncmp.o)
                0x00010e74                strncmp
 .text._svfprintf_r
                0x00010f08     0x14f4 c:/program files (x86)/cypress/psoc creator/4.0/psoc creator/import/gnu/arm/4.9.3/bin/../lib/gcc/arm-none-eabi/4.9.3/../../../../arm-none-eabi/lib/armv7-m\libg.a(lib_a-svfprintf.o)
                0x00010f08                _svfprintf_r
 .text.write    0x000123fc       0x18 c:/program files (x86)/cypress/psoc creator/4.0/psoc creator/import/gnu/arm/4.9.3/bin/../lib/gcc/arm-none-eabi/4.9.3/../../../../arm-none-eabi/lib/armv7-m\libg.a(lib_a-syswrite.o)
                0x000123fc                write
 .text.__swbuf_r
                0x00012414       0xa8 c:/program files (x86)/cypress/psoc creator/4.0/psoc creator/import/gnu/arm/4.9.3/bin/../lib/gcc/arm-none-eabi/4.9.3/../../../../arm-none-eabi/lib/armv7-m\libg.a(lib_a-wbuf.o)
                0x00012414                __swbuf_r
 .text._write_r
                0x000124bc       0x28 c:/program files (x86)/cypress/psoc creator/4.0/psoc creator/import/gnu/arm/4.9.3/bin/../lib/gcc/arm-none-eabi/4.9.3/../../../../arm-none-eabi/lib/armv7-m\libg.a(lib_a-writer.o)
                0x000124bc                _write_r
 .text.__swsetup_r
                0x000124e4       0xc4 c:/program files (x86)/cypress/psoc creator/4.0/psoc creator/import/gnu/arm/4.9.3/bin/../lib/gcc/arm-none-eabi/4.9.3/../../../../arm-none-eabi/lib/armv7-m\libg.a(lib_a-wsetup.o)
                0x000124e4                __swsetup_r
 .text.__register_exitproc
                0x000125a8       0xa4 c:/program files (x86)/cypress/psoc creator/4.0/psoc creator/import/gnu/arm/4.9.3/bin/../lib/gcc/arm-none-eabi/4.9.3/../../../../arm-none-eabi/lib/armv7-m\libg.a(lib_a-__atexit.o)
                0x000125a8                __register_exitproc
 .text.startup.register_fini
                0x0001264c       0x14 c:/program files (x86)/cypress/psoc creator/4.0/psoc creator/import/gnu/arm/4.9.3/bin/../lib/gcc/arm-none-eabi/4.9.3/../../../../arm-none-eabi/lib/armv7-m\libg.a(lib_a-__call_atexit.o)
 .text.atexit   0x00012660        0xc c:/program files (x86)/cypress/psoc creator/4.0/psoc creator/import/gnu/arm/4.9.3/bin/../lib/gcc/arm-none-eabi/4.9.3/../../../../arm-none-eabi/lib/armv7-m\libg.a(lib_a-atexit.o)
                0x00012660                atexit
 .text.quorem   0x0001266c      0x130 c:/program files (x86)/cypress/psoc creator/4.0/psoc creator/import/gnu/arm/4.9.3/bin/../lib/gcc/arm-none-eabi/4.9.3/../../../../arm-none-eabi/lib/armv7-m\libg.a(lib_a-dtoa.o)
 *fill*         0x0001279c        0x4 
 .text._dtoa_r  0x000127a0      0xea8 c:/program files (x86)/cypress/psoc creator/4.0/psoc creator/import/gnu/arm/4.9.3/bin/../lib/gcc/arm-none-eabi/4.9.3/../../../../arm-none-eabi/lib/armv7-m\libg.a(lib_a-dtoa.o)
                0x000127a0                _dtoa_r
 .text.__sflush_r
                0x00013648      0x148 c:/program files (x86)/cypress/psoc creator/4.0/psoc creator/import/gnu/arm/4.9.3/bin/../lib/gcc/arm-none-eabi/4.9.3/../../../../arm-none-eabi/lib/armv7-m\libg.a(lib_a-fflush.o)
                0x00013648                __sflush_r
 .text._fflush_r
                0x00013790       0x2c c:/program files (x86)/cypress/psoc creator/4.0/psoc creator/import/gnu/arm/4.9.3/bin/../lib/gcc/arm-none-eabi/4.9.3/../../../../arm-none-eabi/lib/armv7-m\libg.a(lib_a-fflush.o)
                0x00013790                _fflush_r
 .text._cleanup_r
                0x000137bc        0xc c:/program files (x86)/cypress/psoc creator/4.0/psoc creator/import/gnu/arm/4.9.3/bin/../lib/gcc/arm-none-eabi/4.9.3/../../../../arm-none-eabi/lib/armv7-m\libg.a(lib_a-findfp.o)
                0x000137bc                _cleanup_r
 .text.__sinit.part.1
                0x000137c8       0xf0 c:/program files (x86)/cypress/psoc creator/4.0/psoc creator/import/gnu/arm/4.9.3/bin/../lib/gcc/arm-none-eabi/4.9.3/../../../../arm-none-eabi/lib/armv7-m\libg.a(lib_a-findfp.o)
 .text.__sinit  0x000138b8        0xc c:/program files (x86)/cypress/psoc creator/4.0/psoc creator/import/gnu/arm/4.9.3/bin/../lib/gcc/arm-none-eabi/4.9.3/../../../../arm-none-eabi/lib/armv7-m\libg.a(lib_a-findfp.o)
                0x000138b8                __sinit
 .text.__sfp_lock_acquire
                0x000138c4        0x4 c:/program files (x86)/cypress/psoc creator/4.0/psoc creator/import/gnu/arm/4.9.3/bin/../lib/gcc/arm-none-eabi/4.9.3/../../../../arm-none-eabi/lib/armv7-m\libg.a(lib_a-findfp.o)
                0x000138c4                __sfp_lock_acquire
 .text.__sfp_lock_release
                0x000138c8        0x4 c:/program files (x86)/cypress/psoc creator/4.0/psoc creator/import/gnu/arm/4.9.3/bin/../lib/gcc/arm-none-eabi/4.9.3/../../../../arm-none-eabi/lib/armv7-m\libg.a(lib_a-findfp.o)
                0x000138c8                __sfp_lock_release
 .text.__libc_fini_array
                0x000138cc       0x2c c:/program files (x86)/cypress/psoc creator/4.0/psoc creator/import/gnu/arm/4.9.3/bin/../lib/gcc/arm-none-eabi/4.9.3/../../../../arm-none-eabi/lib/armv7-m\libg.a(lib_a-fini.o)
                0x000138cc                __libc_fini_array
 .text._malloc_trim_r
                0x000138f8       0x9c c:/program files (x86)/cypress/psoc creator/4.0/psoc creator/import/gnu/arm/4.9.3/bin/../lib/gcc/arm-none-eabi/4.9.3/../../../../arm-none-eabi/lib/armv7-m\libg.a(lib_a-freer.o)
                0x000138f8                _malloc_trim_r
 .text._free_r  0x00013994      0x1b0 c:/program files (x86)/cypress/psoc creator/4.0/psoc creator/import/gnu/arm/4.9.3/bin/../lib/gcc/arm-none-eabi/4.9.3/../../../../arm-none-eabi/lib/armv7-m\libg.a(lib_a-freer.o)
                0x00013994                _free_r
 .text._fwalk_reent
                0x00013b44       0x50 c:/program files (x86)/cypress/psoc creator/4.0/psoc creator/import/gnu/arm/4.9.3/bin/../lib/gcc/arm-none-eabi/4.9.3/../../../../arm-none-eabi/lib/armv7-m\libg.a(lib_a-fwalk.o)
                0x00013b44                _fwalk_reent
 .text._localeconv_r
                0x00013b94        0x8 c:/program files (x86)/cypress/psoc creator/4.0/psoc creator/import/gnu/arm/4.9.3/bin/../lib/gcc/arm-none-eabi/4.9.3/../../../../arm-none-eabi/lib/armv7-m\libg.a(lib_a-locale.o)
                0x00013b94                _localeconv_r
 .text.__smakebuf_r
                0x00013b9c       0xe0 c:/program files (x86)/cypress/psoc creator/4.0/psoc creator/import/gnu/arm/4.9.3/bin/../lib/gcc/arm-none-eabi/4.9.3/../../../../arm-none-eabi/lib/armv7-m\libg.a(lib_a-makebuf.o)
                0x00013b9c                __smakebuf_r
 .text._Balloc  0x00013c7c       0x50 c:/program files (x86)/cypress/psoc creator/4.0/psoc creator/import/gnu/arm/4.9.3/bin/../lib/gcc/arm-none-eabi/4.9.3/../../../../arm-none-eabi/lib/armv7-m\libg.a(lib_a-mprec.o)
                0x00013c7c                _Balloc
 .text._Bfree   0x00013ccc       0x14 c:/program files (x86)/cypress/psoc creator/4.0/psoc creator/import/gnu/arm/4.9.3/bin/../lib/gcc/arm-none-eabi/4.9.3/../../../../arm-none-eabi/lib/armv7-m\libg.a(lib_a-mprec.o)
                0x00013ccc                _Bfree
 .text.__multadd
                0x00013ce0       0x84 c:/program files (x86)/cypress/psoc creator/4.0/psoc creator/import/gnu/arm/4.9.3/bin/../lib/gcc/arm-none-eabi/4.9.3/../../../../arm-none-eabi/lib/armv7-m\libg.a(lib_a-mprec.o)
                0x00013ce0                __multadd
 .text.__hi0bits
                0x00013d64       0x40 c:/program files (x86)/cypress/psoc creator/4.0/psoc creator/import/gnu/arm/4.9.3/bin/../lib/gcc/arm-none-eabi/4.9.3/../../../../arm-none-eabi/lib/armv7-m\libg.a(lib_a-mprec.o)
                0x00013d64                __hi0bits
 .text.__lo0bits
                0x00013da4       0x5c c:/program files (x86)/cypress/psoc creator/4.0/psoc creator/import/gnu/arm/4.9.3/bin/../lib/gcc/arm-none-eabi/4.9.3/../../../../arm-none-eabi/lib/armv7-m\libg.a(lib_a-mprec.o)
                0x00013da4                __lo0bits
 .text.__i2b    0x00013e00       0x14 c:/program files (x86)/cypress/psoc creator/4.0/psoc creator/import/gnu/arm/4.9.3/bin/../lib/gcc/arm-none-eabi/4.9.3/../../../../arm-none-eabi/lib/armv7-m\libg.a(lib_a-mprec.o)
                0x00013e00                __i2b
 .text.__multiply
                0x00013e14      0x140 c:/program files (x86)/cypress/psoc creator/4.0/psoc creator/import/gnu/arm/4.9.3/bin/../lib/gcc/arm-none-eabi/4.9.3/../../../../arm-none-eabi/lib/armv7-m\libg.a(lib_a-mprec.o)
                0x00013e14                __multiply
 .text.__pow5mult
                0x00013f54       0xa0 c:/program files (x86)/cypress/psoc creator/4.0/psoc creator/import/gnu/arm/4.9.3/bin/../lib/gcc/arm-none-eabi/4.9.3/../../../../arm-none-eabi/lib/armv7-m\libg.a(lib_a-mprec.o)
                0x00013f54                __pow5mult
 .text.__lshift
                0x00013ff4       0xb0 c:/program files (x86)/cypress/psoc creator/4.0/psoc creator/import/gnu/arm/4.9.3/bin/../lib/gcc/arm-none-eabi/4.9.3/../../../../arm-none-eabi/lib/armv7-m\libg.a(lib_a-mprec.o)
                0x00013ff4                __lshift
 .text.__mcmp   0x000140a4       0x48 c:/program files (x86)/cypress/psoc creator/4.0/psoc creator/import/gnu/arm/4.9.3/bin/../lib/gcc/arm-none-eabi/4.9.3/../../../../arm-none-eabi/lib/armv7-m\libg.a(lib_a-mprec.o)
                0x000140a4                __mcmp
 .text.__mdiff  0x000140ec       0xe4 c:/program files (x86)/cypress/psoc creator/4.0/psoc creator/import/gnu/arm/4.9.3/bin/../lib/gcc/arm-none-eabi/4.9.3/../../../../arm-none-eabi/lib/armv7-m\libg.a(lib_a-mprec.o)
                0x000140ec                __mdiff
 .text.__d2b    0x000141d0       0xa8 c:/program files (x86)/cypress/psoc creator/4.0/psoc creator/import/gnu/arm/4.9.3/bin/../lib/gcc/arm-none-eabi/4.9.3/../../../../arm-none-eabi/lib/armv7-m\libg.a(lib_a-mprec.o)
                0x000141d0                __d2b
 .text.__sread  0x00014278       0x24 c:/program files (x86)/cypress/psoc creator/4.0/psoc creator/import/gnu/arm/4.9.3/bin/../lib/gcc/arm-none-eabi/4.9.3/../../../../arm-none-eabi/lib/armv7-m\libg.a(lib_a-stdio.o)
                0x00014278                __sread
 .text.__swrite
                0x0001429c       0x38 c:/program files (x86)/cypress/psoc creator/4.0/psoc creator/import/gnu/arm/4.9.3/bin/../lib/gcc/arm-none-eabi/4.9.3/../../../../arm-none-eabi/lib/armv7-m\libg.a(lib_a-stdio.o)
                0x0001429c                __swrite
 .text.__sseek  0x000142d4       0x20 c:/program files (x86)/cypress/psoc creator/4.0/psoc creator/import/gnu/arm/4.9.3/bin/../lib/gcc/arm-none-eabi/4.9.3/../../../../arm-none-eabi/lib/armv7-m\libg.a(lib_a-stdio.o)
                0x000142d4                __sseek
 .text.__sclose
                0x000142f4        0x8 c:/program files (x86)/cypress/psoc creator/4.0/psoc creator/import/gnu/arm/4.9.3/bin/../lib/gcc/arm-none-eabi/4.9.3/../../../../arm-none-eabi/lib/armv7-m\libg.a(lib_a-stdio.o)
                0x000142f4                __sclose
 .text.__ssprint_r
                0x000142fc      0x104 c:/program files (x86)/cypress/psoc creator/4.0/psoc creator/import/gnu/arm/4.9.3/bin/../lib/gcc/arm-none-eabi/4.9.3/../../../../arm-none-eabi/lib/armv7-m\libg.a(lib_a-svfiprintf.o)
                0x000142fc                __ssprint_r
 .text._calloc_r
                0x00014400       0x60 c:/program files (x86)/cypress/psoc creator/4.0/psoc creator/import/gnu/arm/4.9.3/bin/../lib/gcc/arm-none-eabi/4.9.3/../../../../arm-none-eabi/lib/armv7-m\libg.a(lib_a-callocr.o)
                0x00014400                _calloc_r
 .text._close_r
                0x00014460       0x24 c:/program files (x86)/cypress/psoc creator/4.0/psoc creator/import/gnu/arm/4.9.3/bin/../lib/gcc/arm-none-eabi/4.9.3/../../../../arm-none-eabi/lib/armv7-m\libg.a(lib_a-closer.o)
                0x00014460                _close_r
 .text._fclose_r
                0x00014484       0x84 c:/program files (x86)/cypress/psoc creator/4.0/psoc creator/import/gnu/arm/4.9.3/bin/../lib/gcc/arm-none-eabi/4.9.3/../../../../arm-none-eabi/lib/armv7-m\libg.a(lib_a-fclose.o)
                0x00014484                _fclose_r
 .text._fstat_r
                0x00014508       0x28 c:/program files (x86)/cypress/psoc creator/4.0/psoc creator/import/gnu/arm/4.9.3/bin/../lib/gcc/arm-none-eabi/4.9.3/../../../../arm-none-eabi/lib/armv7-m\libg.a(lib_a-fstatr.o)
                0x00014508                _fstat_r
 .text._isatty_r
                0x00014530       0x24 c:/program files (x86)/cypress/psoc creator/4.0/psoc creator/import/gnu/arm/4.9.3/bin/../lib/gcc/arm-none-eabi/4.9.3/../../../../arm-none-eabi/lib/armv7-m\libg.a(lib_a-isattyr.o)
                0x00014530                _isatty_r
 .text._lseek_r
                0x00014554       0x28 c:/program files (x86)/cypress/psoc creator/4.0/psoc creator/import/gnu/arm/4.9.3/bin/../lib/gcc/arm-none-eabi/4.9.3/../../../../arm-none-eabi/lib/armv7-m\libg.a(lib_a-lseekr.o)
                0x00014554                _lseek_r
 .text._read_r  0x0001457c       0x28 c:/program files (x86)/cypress/psoc creator/4.0/psoc creator/import/gnu/arm/4.9.3/bin/../lib/gcc/arm-none-eabi/4.9.3/../../../../arm-none-eabi/lib/armv7-m\libg.a(lib_a-readr.o)
                0x0001457c                _read_r
 .text          0x000145a4      0x370 c:/program files (x86)/cypress/psoc creator/4.0/psoc creator/import/gnu/arm/4.9.3/bin/../lib/gcc/arm-none-eabi/4.9.3/armv7-m\libgcc.a(_arm_addsubdf3.o)
                0x000145a4                __aeabi_drsub
                0x000145ac                __aeabi_dsub
                0x000145ac                __subdf3
                0x000145b0                __aeabi_dadd
                0x000145b0                __adddf3
                0x00014828                __floatunsidf
                0x00014828                __aeabi_ui2d
                0x00014848                __floatsidf
                0x00014848                __aeabi_i2d
                0x0001486c                __aeabi_f2d
                0x0001486c                __extendsfdf2
                0x000148a8                __floatundidf
                0x000148a8                __aeabi_ul2d
                0x000148b8                __floatdidf
                0x000148b8                __aeabi_l2d
 .text          0x00014914      0x424 c:/program files (x86)/cypress/psoc creator/4.0/psoc creator/import/gnu/arm/4.9.3/bin/../lib/gcc/arm-none-eabi/4.9.3/armv7-m\libgcc.a(_arm_muldivdf3.o)
                0x00014914                __aeabi_dmul
                0x00014914                __muldf3
                0x00014b68                __divdf3
                0x00014b68                __aeabi_ddiv
 .text          0x00014d38      0x110 c:/program files (x86)/cypress/psoc creator/4.0/psoc creator/import/gnu/arm/4.9.3/bin/../lib/gcc/arm-none-eabi/4.9.3/armv7-m\libgcc.a(_arm_cmpdf2.o)
                0x00014d38                __gtdf2
                0x00014d38                __gedf2
                0x00014d40                __ltdf2
                0x00014d40                __ledf2
                0x00014d48                __nedf2
                0x00014d48                __eqdf2
                0x00014d48                __cmpdf2
                0x00014dc4                __aeabi_cdrcmple
                0x00014dd4                __aeabi_cdcmpeq
                0x00014dd4                __aeabi_cdcmple
                0x00014de4                __aeabi_dcmpeq
                0x00014df8                __aeabi_dcmplt
                0x00014e0c                __aeabi_dcmple
                0x00014e20                __aeabi_dcmpge
                0x00014e34                __aeabi_dcmpgt
 .text          0x00014e48       0x50 c:/program files (x86)/cypress/psoc creator/4.0/psoc creator/import/gnu/arm/4.9.3/bin/../lib/gcc/arm-none-eabi/4.9.3/armv7-m\libgcc.a(_arm_fixdfsi.o)
                0x00014e48                __aeabi_d2iz
                0x00014e48                __fixdfsi
 .text          0x00014e98       0x30 c:/program files (x86)/cypress/psoc creator/4.0/psoc creator/import/gnu/arm/4.9.3/bin/../lib/gcc/arm-none-eabi/4.9.3/armv7-m\libgcc.a(_aeabi_uldivmod.o)
                0x00014e98                __aeabi_uldivmod
 .text          0x00014ec8       0x60 c:/program files (x86)/cypress/psoc creator/4.0/psoc creator/import/gnu/arm/4.9.3/bin/../lib/gcc/arm-none-eabi/4.9.3/armv7-m\libgcc.a(bpabi.o)
                0x00014ec8                __gnu_ldivmod_helper
                0x00014ef8                __gnu_uldivmod_helper
 .text          0x00014f28        0x4 c:/program files (x86)/cypress/psoc creator/4.0/psoc creator/import/gnu/arm/4.9.3/bin/../lib/gcc/arm-none-eabi/4.9.3/armv7-m\libgcc.a(_dvmd_tls.o)
                0x00014f28                __aeabi_idiv0
                0x00014f28                __aeabi_ldiv0
 .text          0x00014f2c      0x2ac c:/program files (x86)/cypress/psoc creator/4.0/psoc creator/import/gnu/arm/4.9.3/bin/../lib/gcc/arm-none-eabi/4.9.3/armv7-m\libgcc.a(_divdi3.o)
                0x00014f2c                __divdi3
 .text          0x000151d8      0x270 c:/program files (x86)/cypress/psoc creator/4.0/psoc creator/import/gnu/arm/4.9.3/bin/../lib/gcc/arm-none-eabi/4.9.3/armv7-m\libgcc.a(_udivdi3.o)
                0x000151d8                __udivdi3
 .text._close   0x00015448       0x10 c:/program files (x86)/cypress/psoc creator/4.0/psoc creator/import/gnu/arm/4.9.3/bin/../lib/gcc/arm-none-eabi/4.9.3/../../../../arm-none-eabi/lib/armv7-m\libnosys.a(close.o)
                0x00015448                _close
 .text._fstat   0x00015458       0x10 c:/program files (x86)/cypress/psoc creator/4.0/psoc creator/import/gnu/arm/4.9.3/bin/../lib/gcc/arm-none-eabi/4.9.3/../../../../arm-none-eabi/lib/armv7-m\libnosys.a(fstat.o)
                0x00015458                _fstat
 .text._getpid  0x00015468       0x10 c:/program files (x86)/cypress/psoc creator/4.0/psoc creator/import/gnu/arm/4.9.3/bin/../lib/gcc/arm-none-eabi/4.9.3/../../../../arm-none-eabi/lib/armv7-m\libnosys.a(getpid.o)
                0x00015468                _getpid
 .text._isatty  0x00015478       0x10 c:/program files (x86)/cypress/psoc creator/4.0/psoc creator/import/gnu/arm/4.9.3/bin/../lib/gcc/arm-none-eabi/4.9.3/../../../../arm-none-eabi/lib/armv7-m\libnosys.a(isatty.o)
                0x00015478                _isatty
 .text._kill    0x00015488       0x10 c:/program files (x86)/cypress/psoc creator/4.0/psoc creator/import/gnu/arm/4.9.3/bin/../lib/gcc/arm-none-eabi/4.9.3/../../../../arm-none-eabi/lib/armv7-m\libnosys.a(kill.o)
                0x00015488                _kill
 .text._lseek   0x00015498       0x10 c:/program files (x86)/cypress/psoc creator/4.0/psoc creator/import/gnu/arm/4.9.3/bin/../lib/gcc/arm-none-eabi/4.9.3/../../../../arm-none-eabi/lib/armv7-m\libnosys.a(lseek.o)
                0x00015498                _lseek
 .text._read    0x000154a8       0x10 c:/program files (x86)/cypress/psoc creator/4.0/psoc creator/import/gnu/arm/4.9.3/bin/../lib/gcc/arm-none-eabi/4.9.3/../../../../arm-none-eabi/lib/armv7-m\libnosys.a(read.o)
                0x000154a8                _read
 .text._write   0x000154b8       0x10 c:/program files (x86)/cypress/psoc creator/4.0/psoc creator/import/gnu/arm/4.9.3/bin/../lib/gcc/arm-none-eabi/4.9.3/../../../../arm-none-eabi/lib/armv7-m\libnosys.a(write.o)
                0x000154b8                _write
 .text._exit    0x000154c8        0x4 c:/program files (x86)/cypress/psoc creator/4.0/psoc creator/import/gnu/arm/4.9.3/bin/../lib/gcc/arm-none-eabi/4.9.3/../../../../arm-none-eabi/lib/armv7-m\libnosys.a(_exit.o)
                0x000154c8                _exit
 *(.plt)
 *(.gnu.warning)
 *(.glue_7t)
 .glue_7t       0x00000000        0x0 linker stubs
 *(.glue_7)
 .glue_7        0x00000000        0x0 linker stubs
 *(.vfp11_veneer)
 .vfp11_veneer  0x00000000        0x0 linker stubs
 *(.bootloader)
 *(.ARM.extab* .gnu.linkonce.armextab.*)
 .ARM.extab.text._ZL21base_of_encoded_valuehP15_Unwind_Context
                0x000154cc        0xc c:/program files (x86)/cypress/psoc creator/4.0/psoc creator/import/gnu/arm/4.9.3/bin/../lib/gcc/arm-none-eabi/4.9.3/../../../../arm-none-eabi/lib/armv7-m\libstdc++.a(eh_personality.o)
 .ARM.extab.text.__gxx_personality_v0
                0x000154d8       0x24 c:/program files (x86)/cypress/psoc creator/4.0/psoc creator/import/gnu/arm/4.9.3/bin/../lib/gcc/arm-none-eabi/4.9.3/../../../../arm-none-eabi/lib/armv7-m\libstdc++.a(eh_personality.o)
 .ARM.extab.text.__cxa_pure_virtual
                0x000154fc        0xc c:/program files (x86)/cypress/psoc creator/4.0/psoc creator/import/gnu/arm/4.9.3/bin/../lib/gcc/arm-none-eabi/4.9.3/../../../../arm-none-eabi/lib/armv7-m\libstdc++.a(pure.o)
 .ARM.extab.text.__cxa_call_unexpected
                0x00015508       0x28 c:/program files (x86)/cypress/psoc creator/4.0/psoc creator/import/gnu/arm/4.9.3/bin/../lib/gcc/arm-none-eabi/4.9.3/../../../../arm-none-eabi/lib/armv7-m\libstdc++.a(eh_call.o)
 .ARM.extab.text._ZN10__cxxabiv111__terminateEPFvvE
                0x00015530       0x2c c:/program files (x86)/cypress/psoc creator/4.0/psoc creator/import/gnu/arm/4.9.3/bin/../lib/gcc/arm-none-eabi/4.9.3/../../../../arm-none-eabi/lib/armv7-m\libstdc++.a(eh_terminate.o)
 .ARM.extab.text._ZN10__cxxabiv112__unexpectedEPFvvE
                0x0001555c        0xc c:/program files (x86)/cypress/psoc creator/4.0/psoc creator/import/gnu/arm/4.9.3/bin/../lib/gcc/arm-none-eabi/4.9.3/../../../../arm-none-eabi/lib/armv7-m\libstdc++.a(eh_terminate.o)
 .ARM.extab.text._ZSt10unexpectedv
                0x00015568        0xc c:/program files (x86)/cypress/psoc creator/4.0/psoc creator/import/gnu/arm/4.9.3/bin/../lib/gcc/arm-none-eabi/4.9.3/../../../../arm-none-eabi/lib/armv7-m\libstdc++.a(eh_terminate.o)
 .ARM.extab.text.__cxa_begin_catch
                0x00015574       0x20 c:/program files (x86)/cypress/psoc creator/4.0/psoc creator/import/gnu/arm/4.9.3/bin/../lib/gcc/arm-none-eabi/4.9.3/../../../../arm-none-eabi/lib/armv7-m\libstdc++.a(eh_catch.o)
 .ARM.extab.text._ZN9__gnu_cxx27__verbose_terminate_handlerEv
                0x00015594       0x34 c:/program files (x86)/cypress/psoc creator/4.0/psoc creator/import/gnu/arm/4.9.3/bin/../lib/gcc/arm-none-eabi/4.9.3/../../../../arm-none-eabi/lib/armv7-m\libstdc++.a(vterminate.o)
 .ARM.extab     0x000155c8       0x18 c:/program files (x86)/cypress/psoc creator/4.0/psoc creator/import/gnu/arm/4.9.3/bin/../lib/gcc/arm-none-eabi/4.9.3/armv7-m\libgcc.a(pr-support.o)
 *(.gcc_except_table)

.v4_bx          0x000155e0        0x0
 .v4_bx         0x00000000        0x0 linker stubs

.iplt           0x000155e0        0x0
 .iplt          0x00000000        0x0 c:/program files (x86)/cypress/psoc creator/4.0/psoc creator/import/gnu/arm/4.9.3/bin/../lib/gcc/arm-none-eabi/4.9.3/armv7-m/crtbegin.o

.eh_frame_hdr
 *(.eh_frame_hdr)

.eh_frame       0x000155e0       0x3c
 *(.eh_frame)
 .eh_frame      0x000155e0        0x0 c:/program files (x86)/cypress/psoc creator/4.0/psoc creator/import/gnu/arm/4.9.3/bin/../lib/gcc/arm-none-eabi/4.9.3/armv7-m/crtbegin.o
 .eh_frame      0x000155e0       0x38 c:/program files (x86)/cypress/psoc creator/4.0/psoc creator/import/gnu/arm/4.9.3/bin/../lib/gcc/arm-none-eabi/4.9.3/../../../../arm-none-eabi/lib/armv7-m\libg.a(lib_a-strcmp.o)
 .eh_frame      0x00015618        0x4 c:/program files (x86)/cypress/psoc creator/4.0/psoc creator/import/gnu/arm/4.9.3/bin/../lib/gcc/arm-none-eabi/4.9.3/armv7-m/crtend.o
                0x0001561c                PROVIDE (__exidx_start, .)

.ARM.exidx      0x0001561c      0x210
 *(.ARM.exidx* .gnu.linkonce.armexidx.*)
 .ARM.exidx.text._ZN7TwoWire5writeEPhh
                0x00015624        0x0 C:\Users\Bruger\AppData\Local\Temp\ccjwvHOi.ltrans0.ltrans.o
                                  0x8 (size before relaxing)
 .ARM.exidx.text._ZN12USBUARTClass6bufferEv
                0x00015624        0x0 C:\Users\Bruger\AppData\Local\Temp\ccjwvHOi.ltrans0.ltrans.o
                                  0x8 (size before relaxing)
 .ARM.exidx.text._ZN12USBUARTClass5flushEv
                0x00015624        0x0 C:\Users\Bruger\AppData\Local\Temp\ccjwvHOi.ltrans0.ltrans.o
                                  0x8 (size before relaxing)
 .ARM.exidx.text._ZN12USBUARTClass4readEv
                0x00015624        0x8 C:\Users\Bruger\AppData\Local\Temp\ccjwvHOi.ltrans0.ltrans.o
 .ARM.exidx.text._ZN12USBUARTClass4peekEv
                0x0001562c        0x0 C:\Users\Bruger\AppData\Local\Temp\ccjwvHOi.ltrans0.ltrans.o
                                  0x8 (size before relaxing)
 .ARM.exidx.text._ZN12USBUARTClass9availableEv
                0x0001562c        0x0 C:\Users\Bruger\AppData\Local\Temp\ccjwvHOi.ltrans0.ltrans.o
                                  0x8 (size before relaxing)
 .ARM.exidx.text._ZN12USBUARTClass9readBytesEPKhj
                0x0001562c        0x8 C:\Users\Bruger\AppData\Local\Temp\ccjwvHOi.ltrans0.ltrans.o
 .ARM.exidx.text._Z9onemsTestv
                0x00015634        0x0 C:\Users\Bruger\AppData\Local\Temp\ccjwvHOi.ltrans0.ltrans.o
                                  0x8 (size before relaxing)
 .ARM.exidx.text._ZN5Print5writeEPKhj
                0x00015634        0x8 C:\Users\Bruger\AppData\Local\Temp\ccjwvHOi.ltrans0.ltrans.o
 .ARM.exidx.text._Z19BootloaderReset_ISRv
                0x0001563c        0x8 C:\Users\Bruger\AppData\Local\Temp\ccjwvHOi.ltrans0.ltrans.o
 .ARM.exidx.text._ZN12USBUARTClass17_usb_serial_writeEPKht
                0x00015644        0x0 C:\Users\Bruger\AppData\Local\Temp\ccjwvHOi.ltrans0.ltrans.o
                                  0x8 (size before relaxing)
 .ARM.exidx.text._ZN12USBUARTClass5writeEPKhj
                0x00015644        0x0 C:\Users\Bruger\AppData\Local\Temp\ccjwvHOi.ltrans0.ltrans.o
                                  0x8 (size before relaxing)
 .ARM.exidx.text._ZN12USBUARTClass5writeEh
                0x00015644        0x0 C:\Users\Bruger\AppData\Local\Temp\ccjwvHOi.ltrans0.ltrans.o
                                  0x8 (size before relaxing)
 .ARM.exidx.text._ZN12USBUARTClass5writeEPKc
                0x00015644        0x0 C:\Users\Bruger\AppData\Local\Temp\ccjwvHOi.ltrans0.ltrans.o
                                  0x8 (size before relaxing)
 .ARM.exidx.text._ZN7TwoWireD2Ev
                0x00015644        0x0 C:\Users\Bruger\AppData\Local\Temp\ccjwvHOi.ltrans0.ltrans.o
                                  0x8 (size before relaxing)
 .ARM.exidx.text._ZN12USBUARTClassD2Ev
                0x00015644        0x0 C:\Users\Bruger\AppData\Local\Temp\ccjwvHOi.ltrans0.ltrans.o
                                  0x8 (size before relaxing)
 .ARM.exidx.text.startup.main
                0x00015644        0x8 C:\Users\Bruger\AppData\Local\Temp\ccjwvHOi.ltrans0.ltrans.o
 .ARM.exidx.text.USBUART_DP_ISR
                0x0001564c        0x8 C:\Users\Bruger\AppData\Local\Temp\ccjwvHOi.ltrans1.ltrans.o
 .ARM.exidx.text.USBUART_BUS_RESET_ISR
                0x00015654        0x0 C:\Users\Bruger\AppData\Local\Temp\ccjwvHOi.ltrans1.ltrans.o
                                  0x8 (size before relaxing)
 .ARM.exidx.text.USBUART_SOF_ISR
                0x00015654        0x0 C:\Users\Bruger\AppData\Local\Temp\ccjwvHOi.ltrans1.ltrans.o
                                  0x8 (size before relaxing)
 .ARM.exidx.text.USBUART_EP_3_ISR
                0x00015654        0x0 C:\Users\Bruger\AppData\Local\Temp\ccjwvHOi.ltrans1.ltrans.o
                                  0x8 (size before relaxing)
 .ARM.exidx.text.USBUART_EP_2_ISR
                0x00015654        0x0 C:\Users\Bruger\AppData\Local\Temp\ccjwvHOi.ltrans1.ltrans.o
                                  0x8 (size before relaxing)
 .ARM.exidx.text.USBUART_EP_1_ISR
                0x00015654        0x0 C:\Users\Bruger\AppData\Local\Temp\ccjwvHOi.ltrans1.ltrans.o
                                  0x8 (size before relaxing)
 .ARM.exidx.text.unlikely.USBUART_InitNoDataControlTransfer
                0x00015654        0x0 C:\Users\Bruger\AppData\Local\Temp\ccjwvHOi.ltrans1.ltrans.o
                                  0x8 (size before relaxing)
 .ARM.exidx.text.IntDefaultHandler
                0x00015654        0x0 C:\Users\Bruger\AppData\Local\Temp\ccjwvHOi.ltrans1.ltrans.o
                                  0x8 (size before relaxing)
 .ARM.exidx.text._ZN7TwoWire5flushEv
                0x00015654        0x0 C:\Users\Bruger\AppData\Local\Temp\ccjwvHOi.ltrans1.ltrans.o
                                  0x8 (size before relaxing)
 .ARM.exidx.text._ZN7TwoWire4peekEv
                0x00015654        0x0 C:\Users\Bruger\AppData\Local\Temp\ccjwvHOi.ltrans1.ltrans.o
                                  0x8 (size before relaxing)
 .ARM.exidx.text._ZN7TwoWire4readEv
                0x00015654        0x0 C:\Users\Bruger\AppData\Local\Temp\ccjwvHOi.ltrans1.ltrans.o
                                  0x8 (size before relaxing)
 .ARM.exidx.text._ZN7TwoWire9availableEv
                0x00015654        0x0 C:\Users\Bruger\AppData\Local\Temp\ccjwvHOi.ltrans1.ltrans.o
                                  0x8 (size before relaxing)
 .ARM.exidx.text._ZN7TwoWire5writeEh
                0x00015654        0x8 C:\Users\Bruger\AppData\Local\Temp\ccjwvHOi.ltrans1.ltrans.o
 .ARM.exidx.text.CyDelayUs
                0x0001565c        0x8 C:\Users\Bruger\AppData\Local\Temp\ccjwvHOi.ltrans1.ltrans.o
 .ARM.exidx.text.USBUART_InitControlRead
                0x00015664        0x0 C:\Users\Bruger\AppData\Local\Temp\ccjwvHOi.ltrans1.ltrans.o
                                  0x8 (size before relaxing)
 .ARM.exidx.text.USBUART_EP_0_ISR
                0x00015664        0x0 C:\Users\Bruger\AppData\Local\Temp\ccjwvHOi.ltrans1.ltrans.o
                                  0x8 (size before relaxing)
 .ARM.exidx.text._sbrk
                0x00015664        0x0 C:\Users\Bruger\AppData\Local\Temp\ccjwvHOi.ltrans1.ltrans.o
                                  0x8 (size before relaxing)
 .ARM.exidx.text.Reset
                0x0001561c        0x8 C:\Users\Bruger\AppData\Local\Temp\ccjwvHOi.ltrans1.ltrans.o
 .ARM.exidx.text.startup._GLOBAL__I_65535_0_Arduino_Advanced_IO.o.6420
                0x00015664        0x0 C:\Users\Bruger\AppData\Local\Temp\ccjwvHOi.ltrans2.ltrans.o
                                  0x8 (size before relaxing)
 .ARM.exidx.text._ZN12USBUARTClass13_enableUSBCDCEv.constprop.7
                0x00015664        0x0 C:\Users\Bruger\AppData\Local\Temp\ccjwvHOi.ltrans2.ltrans.o
                                  0x8 (size before relaxing)
 .ARM.exidx.text.USBUART_DispatchClassRqst
                0x00015664        0x0 C:\Users\Bruger\AppData\Local\Temp\ccjwvHOi.ltrans2.ltrans.o
                                  0x8 (size before relaxing)
 .ARM.exidx.text.EEPROM_1_WriteByte
                0x00015664        0x0 C:\Users\Bruger\AppData\Local\Temp\ccjwvHOi.ltrans2.ltrans.o
                                  0x8 (size before relaxing)
 .ARM.exidx.text._ZNK10__cxxabiv117__class_type_info11__do_upcastEPKS0_PPv
                0x00015664        0x8 c:/program files (x86)/cypress/psoc creator/4.0/psoc creator/import/gnu/arm/4.9.3/bin/../lib/gcc/arm-none-eabi/4.9.3/../../../../arm-none-eabi/lib/armv7-m\libstdc++.a(class_type_info.o)
 .ARM.exidx.text._ZNK10__cxxabiv117__class_type_info20__do_find_public_srcEiPKvPKS0_S2_
                0x0001566c        0x8 c:/program files (x86)/cypress/psoc creator/4.0/psoc creator/import/gnu/arm/4.9.3/bin/../lib/gcc/arm-none-eabi/4.9.3/../../../../arm-none-eabi/lib/armv7-m\libstdc++.a(class_type_info.o)
 .ARM.exidx.text._ZN10__cxxabiv117__class_type_infoD2Ev
                0x00015674        0x8 c:/program files (x86)/cypress/psoc creator/4.0/psoc creator/import/gnu/arm/4.9.3/bin/../lib/gcc/arm-none-eabi/4.9.3/../../../../arm-none-eabi/lib/armv7-m\libstdc++.a(class_type_info.o)
 .ARM.exidx.text._ZN10__cxxabiv117__class_type_infoD0Ev
                0x0001567c        0x0 c:/program files (x86)/cypress/psoc creator/4.0/psoc creator/import/gnu/arm/4.9.3/bin/../lib/gcc/arm-none-eabi/4.9.3/../../../../arm-none-eabi/lib/armv7-m\libstdc++.a(class_type_info.o)
                                  0x8 (size before relaxing)
 .ARM.exidx.text._ZNK10__cxxabiv117__class_type_info11__do_upcastEPKS0_PKvRNS0_15__upcast_resultE
                0x0001567c        0x8 c:/program files (x86)/cypress/psoc creator/4.0/psoc creator/import/gnu/arm/4.9.3/bin/../lib/gcc/arm-none-eabi/4.9.3/../../../../arm-none-eabi/lib/armv7-m\libstdc++.a(class_type_info.o)
 .ARM.exidx.text._ZNK10__cxxabiv117__class_type_info10__do_catchEPKSt9type_infoPPvj
                0x00015684        0x8 c:/program files (x86)/cypress/psoc creator/4.0/psoc creator/import/gnu/arm/4.9.3/bin/../lib/gcc/arm-none-eabi/4.9.3/../../../../arm-none-eabi/lib/armv7-m\libstdc++.a(class_type_info.o)
 .ARM.exidx.text._ZNK10__cxxabiv117__class_type_info12__do_dyncastEiNS0_10__sub_kindEPKS0_PKvS3_S5_RNS0_16__dyncast_resultE
                0x0001568c        0x8 c:/program files (x86)/cypress/psoc creator/4.0/psoc creator/import/gnu/arm/4.9.3/bin/../lib/gcc/arm-none-eabi/4.9.3/../../../../arm-none-eabi/lib/armv7-m\libstdc++.a(class_type_info.o)
 .ARM.exidx.text._ZL12read_sleb128PKhPl
                0x00015694        0x8 c:/program files (x86)/cypress/psoc creator/4.0/psoc creator/import/gnu/arm/4.9.3/bin/../lib/gcc/arm-none-eabi/4.9.3/../../../../arm-none-eabi/lib/armv7-m\libstdc++.a(eh_personality.o)
 .ARM.exidx.text._ZL28read_encoded_value_with_basehjPKhPj
                0x0001569c        0x8 c:/program files (x86)/cypress/psoc creator/4.0/psoc creator/import/gnu/arm/4.9.3/bin/../lib/gcc/arm-none-eabi/4.9.3/../../../../arm-none-eabi/lib/armv7-m\libstdc++.a(eh_personality.o)
 .ARM.exidx.text._ZL21base_of_encoded_valuehP15_Unwind_Context
                0x000156a4        0x8 c:/program files (x86)/cypress/psoc creator/4.0/psoc creator/import/gnu/arm/4.9.3/bin/../lib/gcc/arm-none-eabi/4.9.3/../../../../arm-none-eabi/lib/armv7-m\libstdc++.a(eh_personality.o)
 .ARM.exidx.text._ZL17parse_lsda_headerP15_Unwind_ContextPKhP16lsda_header_info
                0x000156ac        0x8 c:/program files (x86)/cypress/psoc creator/4.0/psoc creator/import/gnu/arm/4.9.3/bin/../lib/gcc/arm-none-eabi/4.9.3/../../../../arm-none-eabi/lib/armv7-m\libstdc++.a(eh_personality.o)
 .ARM.exidx.text.__gxx_personality_v0
                0x000156b4        0x8 c:/program files (x86)/cypress/psoc creator/4.0/psoc creator/import/gnu/arm/4.9.3/bin/../lib/gcc/arm-none-eabi/4.9.3/../../../../arm-none-eabi/lib/armv7-m\libstdc++.a(eh_personality.o)
 .ARM.exidx.text.__aeabi_atexit
                0x000156bc        0x8 c:/program files (x86)/cypress/psoc creator/4.0/psoc creator/import/gnu/arm/4.9.3/bin/../lib/gcc/arm-none-eabi/4.9.3/../../../../arm-none-eabi/lib/armv7-m\libstdc++.a(atexit_arm.o)
 .ARM.exidx.text._ZN10__cxxabiv120__si_class_type_infoD2Ev
                0x000156c4        0x8 c:/program files (x86)/cypress/psoc creator/4.0/psoc creator/import/gnu/arm/4.9.3/bin/../lib/gcc/arm-none-eabi/4.9.3/../../../../arm-none-eabi/lib/armv7-m\libstdc++.a(si_class_type_info.o)
 .ARM.exidx.text._ZN10__cxxabiv120__si_class_type_infoD0Ev
                0x000156cc        0x0 c:/program files (x86)/cypress/psoc creator/4.0/psoc creator/import/gnu/arm/4.9.3/bin/../lib/gcc/arm-none-eabi/4.9.3/../../../../arm-none-eabi/lib/armv7-m\libstdc++.a(si_class_type_info.o)
                                  0x8 (size before relaxing)
 .ARM.exidx.text._ZNK10__cxxabiv120__si_class_type_info20__do_find_public_srcEiPKvPKNS_17__class_type_infoES2_
                0x000156cc        0x8 c:/program files (x86)/cypress/psoc creator/4.0/psoc creator/import/gnu/arm/4.9.3/bin/../lib/gcc/arm-none-eabi/4.9.3/../../../../arm-none-eabi/lib/armv7-m\libstdc++.a(si_class_type_info.o)
 .ARM.exidx.text._ZNK10__cxxabiv120__si_class_type_info12__do_dyncastEiNS_17__class_type_info10__sub_kindEPKS1_PKvS4_S6_RNS1_16__dyncast_resultE
                0x000156d4        0x8 c:/program files (x86)/cypress/psoc creator/4.0/psoc creator/import/gnu/arm/4.9.3/bin/../lib/gcc/arm-none-eabi/4.9.3/../../../../arm-none-eabi/lib/armv7-m\libstdc++.a(si_class_type_info.o)
 .ARM.exidx.text._ZNK10__cxxabiv120__si_class_type_info11__do_upcastEPKNS_17__class_type_infoEPKvRNS1_15__upcast_resultE
                0x000156dc        0x8 c:/program files (x86)/cypress/psoc creator/4.0/psoc creator/import/gnu/arm/4.9.3/bin/../lib/gcc/arm-none-eabi/4.9.3/../../../../arm-none-eabi/lib/armv7-m\libstdc++.a(si_class_type_info.o)
 .ARM.exidx.text.__cxa_pure_virtual
                0x000156e4        0x8 c:/program files (x86)/cypress/psoc creator/4.0/psoc creator/import/gnu/arm/4.9.3/bin/../lib/gcc/arm-none-eabi/4.9.3/../../../../arm-none-eabi/lib/armv7-m\libstdc++.a(pure.o)
 .ARM.exidx.text._ZN10__cxxabiv1L24__is_gxx_exception_classEPc
                0x000156ec        0x8 c:/program files (x86)/cypress/psoc creator/4.0/psoc creator/import/gnu/arm/4.9.3/bin/../lib/gcc/arm-none-eabi/4.9.3/../../../../arm-none-eabi/lib/armv7-m\libstdc++.a(eh_call.o)
 .ARM.exidx.text.__cxa_call_terminate
                0x000156f4        0x0 c:/program files (x86)/cypress/psoc creator/4.0/psoc creator/import/gnu/arm/4.9.3/bin/../lib/gcc/arm-none-eabi/4.9.3/../../../../arm-none-eabi/lib/armv7-m\libstdc++.a(eh_call.o)
                                  0x8 (size before relaxing)
 .ARM.exidx.text.__cxa_call_unexpected
                0x000156f4       0x10 c:/program files (x86)/cypress/psoc creator/4.0/psoc creator/import/gnu/arm/4.9.3/bin/../lib/gcc/arm-none-eabi/4.9.3/../../../../arm-none-eabi/lib/armv7-m\libstdc++.a(eh_call.o)
                                  0x8 (size before relaxing)
 .ARM.exidx.text.__cxa_type_match
                0x00015704        0x8 c:/program files (x86)/cypress/psoc creator/4.0/psoc creator/import/gnu/arm/4.9.3/bin/../lib/gcc/arm-none-eabi/4.9.3/../../../../arm-none-eabi/lib/armv7-m\libstdc++.a(eh_arm.o)
 .ARM.exidx.text.__cxa_begin_cleanup
                0x0001570c        0x8 c:/program files (x86)/cypress/psoc creator/4.0/psoc creator/import/gnu/arm/4.9.3/bin/../lib/gcc/arm-none-eabi/4.9.3/../../../../arm-none-eabi/lib/armv7-m\libstdc++.a(eh_arm.o)
 .ARM.exidx.text.__gnu_end_cleanup
                0x00015714        0x0 c:/program files (x86)/cypress/psoc creator/4.0/psoc creator/import/gnu/arm/4.9.3/bin/../lib/gcc/arm-none-eabi/4.9.3/../../../../arm-none-eabi/lib/armv7-m\libstdc++.a(eh_arm.o)
                                  0x8 (size before relaxing)
 .ARM.exidx.text._ZN10__cxxabiv111__terminateEPFvvE
                0x00015714        0x8 c:/program files (x86)/cypress/psoc creator/4.0/psoc creator/import/gnu/arm/4.9.3/bin/../lib/gcc/arm-none-eabi/4.9.3/../../../../arm-none-eabi/lib/armv7-m\libstdc++.a(eh_terminate.o)
 .ARM.exidx.text._ZSt9terminatev
                0x0001571c        0x8 c:/program files (x86)/cypress/psoc creator/4.0/psoc creator/import/gnu/arm/4.9.3/bin/../lib/gcc/arm-none-eabi/4.9.3/../../../../arm-none-eabi/lib/armv7-m\libstdc++.a(eh_terminate.o)
 .ARM.exidx.text._ZN10__cxxabiv112__unexpectedEPFvvE
                0x00015724        0x8 c:/program files (x86)/cypress/psoc creator/4.0/psoc creator/import/gnu/arm/4.9.3/bin/../lib/gcc/arm-none-eabi/4.9.3/../../../../arm-none-eabi/lib/armv7-m\libstdc++.a(eh_terminate.o)
 .ARM.exidx.text._ZSt10unexpectedv
                0x0001572c        0x8 c:/program files (x86)/cypress/psoc creator/4.0/psoc creator/import/gnu/arm/4.9.3/bin/../lib/gcc/arm-none-eabi/4.9.3/../../../../arm-none-eabi/lib/armv7-m\libstdc++.a(eh_terminate.o)
 .ARM.exidx.text._ZSt13get_terminatev
                0x00015734        0x8 c:/program files (x86)/cypress/psoc creator/4.0/psoc creator/import/gnu/arm/4.9.3/bin/../lib/gcc/arm-none-eabi/4.9.3/../../../../arm-none-eabi/lib/armv7-m\libstdc++.a(eh_terminate.o)
 .ARM.exidx.text._ZSt14get_unexpectedv
                0x0001573c        0x0 c:/program files (x86)/cypress/psoc creator/4.0/psoc creator/import/gnu/arm/4.9.3/bin/../lib/gcc/arm-none-eabi/4.9.3/../../../../arm-none-eabi/lib/armv7-m\libstdc++.a(eh_terminate.o)
                                  0x8 (size before relaxing)
 .ARM.exidx.text.__cxa_begin_catch
                0x0001573c        0x8 c:/program files (x86)/cypress/psoc creator/4.0/psoc creator/import/gnu/arm/4.9.3/bin/../lib/gcc/arm-none-eabi/4.9.3/../../../../arm-none-eabi/lib/armv7-m\libstdc++.a(eh_catch.o)
 .ARM.exidx.text.__cxa_end_catch
                0x00015744        0x8 c:/program files (x86)/cypress/psoc creator/4.0/psoc creator/import/gnu/arm/4.9.3/bin/../lib/gcc/arm-none-eabi/4.9.3/../../../../arm-none-eabi/lib/armv7-m\libstdc++.a(eh_catch.o)
 .ARM.exidx.text._ZNSt9type_infoD2Ev
                0x0001574c        0x0 c:/program files (x86)/cypress/psoc creator/4.0/psoc creator/import/gnu/arm/4.9.3/bin/../lib/gcc/arm-none-eabi/4.9.3/../../../../arm-none-eabi/lib/armv7-m\libstdc++.a(tinfo.o)
                                  0x8 (size before relaxing)
 .ARM.exidx.text._ZNKSt9type_info14__is_pointer_pEv
                0x0001574c        0x0 c:/program files (x86)/cypress/psoc creator/4.0/psoc creator/import/gnu/arm/4.9.3/bin/../lib/gcc/arm-none-eabi/4.9.3/../../../../arm-none-eabi/lib/armv7-m\libstdc++.a(tinfo.o)
                                  0x8 (size before relaxing)
 .ARM.exidx.text._ZNKSt9type_info15__is_function_pEv
                0x0001574c        0x0 c:/program files (x86)/cypress/psoc creator/4.0/psoc creator/import/gnu/arm/4.9.3/bin/../lib/gcc/arm-none-eabi/4.9.3/../../../../arm-none-eabi/lib/armv7-m\libstdc++.a(tinfo.o)
                                  0x8 (size before relaxing)
 .ARM.exidx.text._ZNKSt9type_infoeqERKS_
                0x0001574c        0x0 c:/program files (x86)/cypress/psoc creator/4.0/psoc creator/import/gnu/arm/4.9.3/bin/../lib/gcc/arm-none-eabi/4.9.3/../../../../arm-none-eabi/lib/armv7-m\libstdc++.a(tinfo.o)
                                  0x8 (size before relaxing)
 .ARM.exidx.text._ZdlPv
                0x0001574c        0x0 c:/program files (x86)/cypress/psoc creator/4.0/psoc creator/import/gnu/arm/4.9.3/bin/../lib/gcc/arm-none-eabi/4.9.3/../../../../arm-none-eabi/lib/armv7-m\libstdc++.a(del_op.o)
                                  0x8 (size before relaxing)
 .ARM.exidx.text._ZL23__gxx_exception_cleanup19_Unwind_Reason_CodeP21_Unwind_Control_Block
                0x0001574c        0x8 c:/program files (x86)/cypress/psoc creator/4.0/psoc creator/import/gnu/arm/4.9.3/bin/../lib/gcc/arm-none-eabi/4.9.3/../../../../arm-none-eabi/lib/armv7-m\libstdc++.a(eh_throw.o)
 .ARM.exidx.text.__cxa_throw
                0x00015754        0x8 c:/program files (x86)/cypress/psoc creator/4.0/psoc creator/import/gnu/arm/4.9.3/bin/../lib/gcc/arm-none-eabi/4.9.3/../../../../arm-none-eabi/lib/armv7-m\libstdc++.a(eh_throw.o)
 .ARM.exidx.text.__cxa_rethrow
                0x0001575c        0x8 c:/program files (x86)/cypress/psoc creator/4.0/psoc creator/import/gnu/arm/4.9.3/bin/../lib/gcc/arm-none-eabi/4.9.3/../../../../arm-none-eabi/lib/armv7-m\libstdc++.a(eh_throw.o)
 .ARM.exidx.text.__cxa_allocate_exception
                0x00015764        0x8 c:/program files (x86)/cypress/psoc creator/4.0/psoc creator/import/gnu/arm/4.9.3/bin/../lib/gcc/arm-none-eabi/4.9.3/../../../../arm-none-eabi/lib/armv7-m\libstdc++.a(eh_alloc.o)
 .ARM.exidx.text.__cxa_free_exception
                0x0001576c        0x0 c:/program files (x86)/cypress/psoc creator/4.0/psoc creator/import/gnu/arm/4.9.3/bin/../lib/gcc/arm-none-eabi/4.9.3/../../../../arm-none-eabi/lib/armv7-m\libstdc++.a(eh_alloc.o)
                                  0x8 (size before relaxing)
 .ARM.exidx.text.__cxa_get_globals_fast
                0x0001576c        0x0 c:/program files (x86)/cypress/psoc creator/4.0/psoc creator/import/gnu/arm/4.9.3/bin/../lib/gcc/arm-none-eabi/4.9.3/../../../../arm-none-eabi/lib/armv7-m\libstdc++.a(eh_globals.o)
                                  0x8 (size before relaxing)
 .ARM.exidx.text.__cxa_get_globals
                0x0001576c        0x0 c:/program files (x86)/cypress/psoc creator/4.0/psoc creator/import/gnu/arm/4.9.3/bin/../lib/gcc/arm-none-eabi/4.9.3/../../../../arm-none-eabi/lib/armv7-m\libstdc++.a(eh_globals.o)
                                  0x8 (size before relaxing)
 .ARM.exidx.text._ZN9__gnu_cxx27__verbose_terminate_handlerEv
                0x0001576c        0x8 c:/program files (x86)/cypress/psoc creator/4.0/psoc creator/import/gnu/arm/4.9.3/bin/../lib/gcc/arm-none-eabi/4.9.3/../../../../arm-none-eabi/lib/armv7-m\libstdc++.a(vterminate.o)
 .ARM.exidx.text.__cxa_current_exception_type
                0x00015774        0x8 c:/program files (x86)/cypress/psoc creator/4.0/psoc creator/import/gnu/arm/4.9.3/bin/../lib/gcc/arm-none-eabi/4.9.3/../../../../arm-none-eabi/lib/armv7-m\libstdc++.a(eh_type.o)
 .ARM.exidx.text._ZNSt13bad_exceptionD2Ev
                0x0001577c        0x0 c:/program files (x86)/cypress/psoc creator/4.0/psoc creator/import/gnu/arm/4.9.3/bin/../lib/gcc/arm-none-eabi/4.9.3/../../../../arm-none-eabi/lib/armv7-m\libstdc++.a(eh_exception.o)
                                  0x8 (size before relaxing)
 .ARM.exidx.text._ZNKSt13bad_exception4whatEv
                0x0001577c        0x0 c:/program files (x86)/cypress/psoc creator/4.0/psoc creator/import/gnu/arm/4.9.3/bin/../lib/gcc/arm-none-eabi/4.9.3/../../../../arm-none-eabi/lib/armv7-m\libstdc++.a(eh_exception.o)
                                  0x8 (size before relaxing)
 .ARM.exidx.text._ZNSt13bad_exceptionD0Ev
                0x0001577c        0x0 c:/program files (x86)/cypress/psoc creator/4.0/psoc creator/import/gnu/arm/4.9.3/bin/../lib/gcc/arm-none-eabi/4.9.3/../../../../arm-none-eabi/lib/armv7-m\libstdc++.a(eh_exception.o)
                                  0x8 (size before relaxing)
 .ARM.exidx     0x0001577c       0x78 c:/program files (x86)/cypress/psoc creator/4.0/psoc creator/import/gnu/arm/4.9.3/bin/../lib/gcc/arm-none-eabi/4.9.3/armv7-m\libgcc.a(unwind-arm.o)
                                 0xd8 (size before relaxing)
 .ARM.exidx     0x000157f4       0x38 c:/program files (x86)/cypress/psoc creator/4.0/psoc creator/import/gnu/arm/4.9.3/bin/../lib/gcc/arm-none-eabi/4.9.3/armv7-m\libgcc.a(pr-support.o)
                                 0x48 (size before relaxing)
 .ARM.exidx     0x0001582c        0x0 c:/program files (x86)/cypress/psoc creator/4.0/psoc creator/import/gnu/arm/4.9.3/bin/../lib/gcc/arm-none-eabi/4.9.3/armv7-m\libgcc.a(_divdi3.o)
                                  0x8 (size before relaxing)
 .ARM.exidx     0x0001582c        0x0 c:/program files (x86)/cypress/psoc creator/4.0/psoc creator/import/gnu/arm/4.9.3/bin/../lib/gcc/arm-none-eabi/4.9.3/armv7-m\libgcc.a(_udivdi3.o)
                                  0x8 (size before relaxing)
                0x0001582c                __exidx_end = .

.rodata         0x00015830     0x3790
 *(.rodata .rodata.* .gnu.linkonce.r.*)
 .rodata.str1.4
                0x00015830       0x3c C:\Users\Bruger\AppData\Local\Temp\ccjwvHOi.ltrans0.ltrans.o
 .rodata        0x0001586c      0x168 C:\Users\Bruger\AppData\Local\Temp\ccjwvHOi.ltrans1.ltrans.o
 .rodata.str1.4
                0x00000000       0x14 C:\Users\Bruger\AppData\Local\Temp\ccjwvHOi.ltrans1.ltrans.o
 *fill*         0x000159d4        0x4 
 .rodata        0x000159d8     0x2288 C:\Users\Bruger\AppData\Local\Temp\ccjwvHOi.ltrans2.ltrans.o
                0x00015d30                vtable for TwoWire
                0x00015d58                vtable for USBUARTClass
                0x00015d84                typeinfo name for TwoWire
                0x00015d90                typeinfo name for USBUARTClass
                0x00015da0                typeinfo name for Stream
                0x00015da8                typeinfo name for Print
                0x00017bfc                typeinfo for TwoWire
                0x00017c08                typeinfo for USBUARTClass
                0x00017c14                typeinfo for Stream
                0x00017c20                typeinfo for Print
                0x00017c28                cydelay_freq_khz
                0x00017c2c                cydelay_32k_ms
                0x00017c30                vtable for Stream
                0x00017c50                vtable for Print
 .rodata._ZTVN10__cxxabiv117__class_type_infoE
                0x00017c60       0x30 c:/program files (x86)/cypress/psoc creator/4.0/psoc creator/import/gnu/arm/4.9.3/bin/../lib/gcc/arm-none-eabi/4.9.3/../../../../arm-none-eabi/lib/armv7-m\libstdc++.a(class_type_info.o)
                0x00017c60                vtable for __cxxabiv1::__class_type_info
 .rodata._ZTIN10__cxxabiv117__class_type_infoE
                0x00017c90        0xc c:/program files (x86)/cypress/psoc creator/4.0/psoc creator/import/gnu/arm/4.9.3/bin/../lib/gcc/arm-none-eabi/4.9.3/../../../../arm-none-eabi/lib/armv7-m\libstdc++.a(class_type_info.o)
                0x00017c90                typeinfo for __cxxabiv1::__class_type_info
 .rodata._ZTSN10__cxxabiv117__class_type_infoE
                0x00017c9c       0x24 c:/program files (x86)/cypress/psoc creator/4.0/psoc creator/import/gnu/arm/4.9.3/bin/../lib/gcc/arm-none-eabi/4.9.3/../../../../arm-none-eabi/lib/armv7-m\libstdc++.a(class_type_info.o)
                0x00017c9c                typeinfo name for __cxxabiv1::__class_type_info
 .rodata._ZTVN10__cxxabiv120__si_class_type_infoE